🚀 === ÉTAPE 2: TRAITEMENT NAVIRE 3 ===
Job ID: 56502733_3
Node: bc11236
Début: Tue Jun 17 10:33:51 EDT 2025
📦 Job fractionnement référence: test_step1_final
✅ Répertoire de travail: /home/benl/R_scripts/pipeline_V6
✅ Vérification fichier R: -rw-r-----. 1 benl benl 6327 Jun 13 09:28 step2_process_navire.R
✅ Lancement traitement navire 3...
🔄 === TRAITEMENT NAVIRE INDIVIDUEL ===
Début: 2025-06-17 10:33:55 
✅ R configuré avec library: /home/benl/.local/R/4.2.1 
✅ Packages chargés - Configuration mono-thread activée
📋 Task ID: 3 
📋 Split Job ID: test_step1_final 
📊 Métadonnées chargées: 11 navires
🚢 Navire sélectionné: 
📁 Fichier input: /home/benl/scratch/test_step1_final/navire_03_Leiv_Eiriksson.rds 
📖 Chargement données navire...
✅ Format RDS détecté et chargé
✅ Données chargées: 1222900 observations
✅ Configuration chargée: ~/R_scripts/configuration/outlier_config_V6.yaml 
🔧 Paramètres IF: contamination = 0.03 | trees = 50 
🚀 Début traitement Isolation Forest...
  🌲 Début Isolation Forest...
INFO  [10:33:59.689] dataset has duplicated rows
INFO  [10:33:59.866] Building Isolation Forest ...
INFO  [10:34:15.767] done
INFO  [10:34:15.769] Computing depth of terminal nodes ...
INFO  [10:34:17.042] done
INFO  [10:34:39.924] Completed growing isolation forest
  ✅ IF terminé: 35338 outliers sur 1222900 points
📊 RÉSULTATS NAVIRE: 
  • Observations totales: 1222900 
  • Outliers détectés: 35338 ( 2.89 %)
💾 Sauvegarde: /home/benl/scratch/test_step1_final/navire_03_Leiv_Eiriksson_clean.rds 
✅ Navire traité avec succès: 2025-06-17 10:35:37 
📁 Résultat: /home/benl/scratch/test_step1_final/navire_03_Leiv_Eiriksson_clean.rds 
Warning messages:
1: In readLines(con, warn = readLines.warn) :
  incomplete final line found on '~/R_scripts/configuration/outlier_config_V6.yaml'
2: In rm(dt_nav, if_model) : object 'if_model' not found
✅ Étape 2 terminée: Tue Jun 17 10:35:38 EDT 2025
📁 Résultats sauvés dans: ~/scratch/ais_results_56502733/
