🚀 === ÉTAPE 2: TRAITEMENT NAVIRE 9 ===
Job ID: 56779162_9
Node: bc11238
Début: Thu 26 Jun 2025 12:09:19 PM EDT
📦 Job fractionnement référence: 56777970
✅ Répertoire de travail: /home/benl/R_scripts/pipeline_V6
✅ Vérification fichier R: -rw-r-----. 1 benl benl 8055 Jun 26 11:53 step2_process_navire.R
✅ Lancement traitement navire 9...
🔄 === TRAITEMENT NAVIRE INDIVIDUEL ===
Début: 2025-06-26 12:09:21 
✅ R configuré avec library: /home/benl/.local/R/4.2.1 
✅ Packages chargés - Configuration mono-thread activée
📋 Task ID: 9 
📋 Split Job ID: 56777970 
📊 Métadonnées chargées: 11 navires
🚢 Navire sélectionné: Inai Kenanga 
📁 Fichier input: ~/scratch/ais_split_56777970/navire_09_Inai_Kenanga.rds 
📖 Chargement données navire...
✅ Format RDS détecté et chargé
✅ Données chargées: 803229 observations
✅ Configuration chargée: ~/R_scripts/configuration/outlier_config_V6.yaml 
🔧 Paramètres IF: contamination = 0.03 | trees = 50 
🚀 Début traitement Isolation Forest...
  🌲 Début Isolation Forest...
INFO  [12:09:25.427] dataset has duplicated rows
INFO  [12:09:25.557] Building Isolation Forest ...
INFO  [12:09:35.019] done
INFO  [12:09:35.022] Computing depth of terminal nodes ...
INFO  [12:09:35.933] done
INFO  [12:09:52.137] Completed growing isolation forest
  ✅ IF terminé: 23776 outliers sur 803229 points
🛑 Création de la colonne is_stop...
✅ Colonne is_stop créée: 718044 arrêts détectés
🔧 Création de colonnes supplémentaires...
✅ Colonnes supplémentaires créées (Annee, Course_change, Accel)
📊 RÉSULTATS NAVIRE: Inai Kenanga 
  • Observations totales: 803229 
  • Outliers détectés: 23776 ( 2.96 %)
  • Arrêts détectés: 718044 ( 89.39 %)
💾 Sauvegarde: ~/scratch/ais_results_56779162/09_Inai_Kenanga_clean.rds 
✅ Navire Inai Kenanga traité avec succès: 2025-06-26 12:10:44 
📁 Résultat: ~/scratch/ais_results_56779162/09_Inai_Kenanga_clean.rds 
Warning message:
In rm(dt_nav, if_model) : object 'if_model' not found
✅ Étape 2 terminée: Thu Jun 26 12:10:44 EDT 2025
📁 Résultats sauvés dans: ~/scratch/ais_results_56779162/
