=== ETAPE 3 OPTIMIZED: FUSION ET GRID SEARCH ===
Job ID: 57024954
Node: bc12317
Debut: Wed Jul  2 11:54:19 EDT 2025
Memoire allouee: 128 GB
CPU: 16 cores
Job fractionnement reference: 56779162
Dossier de resultats: auto-detection
Auto-detection du dossier de resultats...
Dossier trouve: /home/benl/scratch/ais_results_56779162
Verification des fichiers d'entree...
Fichiers d'entree verifies: 11 fichiers *_clean.rds trouves
Repertoire de travail: /home/benl/R_scripts/pipeline_V6
Verification fichier R: -rw-r-----. 1 benl benl 39405 Jul  2 11:14 step3_merge_final.R
Nettoyage memoire systeme...
Impossible de nettoyer le cache (normal sur certains systemes)
Lancement fusion et grid search optimise...
🚀 === ÉTAPE 3: FUSION ET GRID SEARCH (AVEC CHECK-POINTING) ===
📦 Job fractionnement: 56779162 
📁 Dossier résultats: /home/benl/scratch/ais_results_56779162 
🖥️  Cores: 16 
⏱️  Début: 2025-07-02 11:54:54 

🗑️  Suppression du checkpoint DBSCAN fautif pour forcer le recalcul
✅ Utilisation du dossier spécifié: /home/benl/scratch/ais_results_56779162 
✅ Fichiers d'entrée vérifiés: 11 fichiers *_clean.rds trouvés


🏁  STEP-3  |  Fusion & Modélisation  |  début : 2025-07-02 11:54:54 

✅ R configuré avec library: /home/benl/.local/R/4.2.1 
✅ Fichiers *_clean.rds trouvés: 11 
   • 01_Charles_Darwin_clean.rds 
   • 02_Ham_318_clean.rds 
   • 03_Leiv_Eiriksson_clean.rds 
   ... et 8 autres
💾  Source : /home/benl/scratch/ais_results_56779162 
💾  Sortie : /home/benl/scratch/output_V6 
💾  Checkpoints : /home/benl/scratch/output_V6/checkpoints 

✅  Packages chargés | 16 threads data.table
✅  YAML chargé
🔄  Reload checkpoint: stage3A_fusion.rds 
🔧  Vérification des types de colonnes...
 Types des colonnes critiques:
   Navire    : character
   ssvid     : integer
   Seg_id    : character
   Annee     : numeric
🔍 Vérifications supplémentaires critiques...
✅ Colonne 'is_stop' présente
✅ Colonnes géographiques présentes
✅ Colonnes géographiques converties en numeric
✅ Aucun doublon détecté
📊 Utilisation mémoire: 0.94 GB
✅ Types de colonnes vérifiés et corrigés

⏱️  Détection pics temporels isolés…
📐  Filtrage contextuel…
🔧  Harmonisation des types pour la jointure des percentiles...
🔧  Vérification des types avant jointure:
   Table principale - Navire: character 
   Table percentiles - Navire: character 
⚙️  Compute & save checkpoint: stage3B_dbscan.rds 
🔍  Détection des arrêts spatiaux par DBSCAN...
📊 Traitement DBSCAN pour 96 combinaisons navire/année
✅ DBSCAN terminé - Checkpoint sauvegardé
✅ Vérification: Colonne 'is_stop_spatial' présente
✅ Checkpoint sauvegardé: stage3B_dbscan.rds 
🔧  Cadence AIS & seuils adaptatifs par navire
                      Navire  p50_dt seuil_adaptatif n_min prop_long
                      <char>   <num>           <num> <num>     <num>
 1:              Congo River  97.000         291.000     3 0.1492676
 2:          Cristobal Colon 108.000         324.000     3 0.2095158
 3:                  Ham 318 130.690         392.070     3 0.2076991
 4:           Charles Darwin 136.000         408.000     3 0.1950150
 5:           Leiv Eiriksson 140.556         421.668     3 0.1719962
 6:                  Fairway 150.000         450.000     3 0.2229586
 7: Queen Of The Netherlands 176.000         528.000     3 0.2418194
 8:               Vox Maxima 179.000         537.000     3 0.2829589
 9:             Inai Kenanga 180.000         540.000     3 0.2631950
10:               Goryo 6 Ho 188.000         564.000     3 0.2574560
11:            Vasco Da Gama 361.000        1200.000     3 0.6178954
⚙️  Compute & save checkpoint: stage3C_gmm.rds 
🔧  GMM « stop + 4 fixes » – début
✅ Vérification: Colonne 'is_stop_spatial' présente pour GMM
     → μ (kn) estimés : 12.75 1.66 5.42 9.45 
✅  GMM corrigé terminé – 1149530 527174 736966 5522337 662189 états
Error in `[.data.table`(ais, is_stop_spatial == FALSE, `:=`(paste0("p",  : 
  Supplied 3068888 items to be assigned to 3095942 items of column 'p2'. If you wish to 'recycle' the RHS please use rep() to make this intent clear to readers of your code.
Calls: source ... eval -> eval -> checkpoint -> force -> [ -> [.data.table
Execution halted
Fusion et grid search termines avec succes: Wed Jul  2 13:38:33 EDT 2025
=== RESUME FINAL ===
Fichiers generes dans /home/benl/scratch/output_V6/:
-rw-r-----. 1 benl benl  88M Jun 30 13:16 /home/benl/scratch/output_V6/AIS_data_core_preprocessed_V6_20250630_130426.rds
-rw-r-----. 1 benl benl  88M Jun 30 13:17 /home/benl/scratch/output_V6/AIS_data_core_preprocessed_V6_20250630_131048.rds
-rw-r-----. 1 benl benl 132M Jul  1 07:26 /home/benl/scratch/output_V6/AIS_data_core_preprocessed_V6_20250701_071858.rds
-rw-r-----. 1 benl benl 132M Jul  1 10:40 /home/benl/scratch/output_V6/AIS_data_core_preprocessed_V6_20250701_103249.rds
-rw-r-----. 1 benl benl 208 Jun 30 13:16 /home/benl/scratch/output_V6/dragage_gridsearch_results_V6_20250630_130426.rds
-rw-r-----. 1 benl benl 208 Jun 30 13:17 /home/benl/scratch/output_V6/dragage_gridsearch_results_V6_20250630_131048.rds
-rw-r-----. 1 benl benl 204 Jul  1 07:26 /home/benl/scratch/output_V6/dragage_gridsearch_results_V6_20250701_071858.rds
-rw-r-----. 1 benl benl 204 Jul  1 10:40 /home/benl/scratch/output_V6/dragage_gridsearch_results_V6_20250701_103249.rds

=== VÉRIFICATION DES STATISTIQUES GMM ===
Extraction des statistiques GMM depuis les logs...
📊 Statistiques GMM détectées:
   Aucune statistique GMM trouvée

🔄 Réordonnance des composantes:
   Aucune information de réordonnance trouvée
ETAPE 3 OPTIMIZED TERMINEE !
