🚀 === ÉTAPE 2: TRAITEMENT NAVIRE 2 ===
Job ID: 56779162_2
Node: bc12308
Début: Thu 26 Jun 2025 12:04:10 PM EDT
📦 Job fractionnement référence: 56777970
✅ Répertoire de travail: /home/benl/R_scripts/pipeline_V6
✅ Vérification fichier R: -rw-r-----. 1 benl benl 8055 Jun 26 11:53 step2_process_navire.R
✅ Lancement traitement navire 2...
🔄 === TRAITEMENT NAVIRE INDIVIDUEL ===
Début: 2025-06-26 12:04:12 
✅ R configuré avec library: /home/benl/.local/R/4.2.1 
✅ Packages chargés - Configuration mono-thread activée
📋 Task ID: 2 
📋 Split Job ID: 56777970 
📊 Métadonnées chargées: 11 navires
🚢 Navire sélectionné: Ham 318 
📁 Fichier input: ~/scratch/ais_split_56777970/navire_02_Ham_318.rds 
📖 Chargement données navire...
✅ Format RDS détecté et chargé
✅ Données chargées: 1291826 observations
✅ Configuration chargée: ~/R_scripts/configuration/outlier_config_V6.yaml 
🔧 Paramètres IF: contamination = 0.03 | trees = 50 
🚀 Début traitement Isolation Forest...
  🌲 Début Isolation Forest...
INFO  [12:04:19.477] dataset has duplicated rows
INFO  [12:04:19.630] Building Isolation Forest ...
INFO  [12:04:33.466] done
INFO  [12:04:33.467] Computing depth of terminal nodes ...
INFO  [12:04:37.925] done
INFO  [12:05:00.391] Completed growing isolation forest
  ✅ IF terminé: 36849 outliers sur 1291826 points
🛑 Création de la colonne is_stop...
✅ Colonne is_stop créée: 780883 arrêts détectés
🔧 Création de colonnes supplémentaires...
✅ Colonnes supplémentaires créées (Annee, Course_change, Accel)
📊 RÉSULTATS NAVIRE: Ham 318 
  • Observations totales: 1291826 
  • Outliers détectés: 36849 ( 2.85 %)
  • Arrêts détectés: 780883 ( 60.45 %)
💾 Sauvegarde: ~/scratch/ais_results_56779162/02_Ham_318_clean.rds 
✅ Navire Ham 318 traité avec succès: 2025-06-26 12:06:21 
📁 Résultat: ~/scratch/ais_results_56779162/02_Ham_318_clean.rds 
Warning message:
In rm(dt_nav, if_model) : object 'if_model' not found
✅ Étape 2 terminée: Thu Jun 26 12:06:21 EDT 2025
📁 Résultats sauvés dans: ~/scratch/ais_results_56779162/
