📊 === ÉTAPE 0: ANALYSE COUVERTURE TEMPORELLE ===
Job ID: 56741861
Node  : bc11947
Début : Wed 25 Jun 2025 06:58:03 AM EDT
✅ Lancement analyse couverture...
✅ R configuré avec library: /home/benl/R/library 

📊  STEP-0  |  Analyse Couverture Temporelle  |  début : 2025-06-25 06:58:05 

✅ R configuré avec library: /home/benl/.local/R/4.2.1 
📁  INPUT  : /home/benl/scratch/AIS_data/benjamin2.csv 
📁  OUTPUT : /home/benl/scratch/output_V6 

🔍  CSV détectés : 1 
   • benjamin2.csv 

✅ Données fusionnées : 10 432 017 lignes
✅  Lecture terminée : 10 432 017 lignes  |  200.9 s
🛳️  Navires détectés : 11 
                          N
Navire                     189314 639077 803229 832988 905946 954488 1057785
  Charles Darwin                0      0      0      0      0      0       0
  Congo River                   0      0      0      1      0      0       0
  Cristobal Colon               0      0      0      0      1      0       0
  Fairway                       0      0      0      0      0      0       1
  Goryo 6 Ho                    0      0      0      0      0      1       0
  Ham 318                       0      0      0      0      0      0       0
  Inai Kenanga                  0      0      1      0      0      0       0
  Leiv Eiriksson                0      0      0      0      0      0       0
  Queen Of The Netherlands      0      0      0      0      0      0       0
  Vasco Da Gama                 1      0      0      0      0      0       0
  Vox Maxima                    0      1      0      0      0      0       0
                          N
Navire                     1080409 1222900 1311228 1434653
  Charles Darwin                 0       0       0       1
  Congo River                    0       0       0       0
  Cristobal Colon                0       0       0       0
  Fairway                        0       0       0       0
  Goryo 6 Ho                     0       0       0       0
  Ham 318                        0       0       1       0
  Inai Kenanga                   0       0       0       0
  Leiv Eiriksson                 0       1       0       0
  Queen Of The Netherlands       1       0       0       0
  Vasco Da Gama                  0       0       0       0
  Vox Maxima                     0       0       0       0
✔️  Ping par navire (top 3) :
           Navire       N
           <char>   <int>
1: Charles Darwin 1434653
2:        Ham 318 1311228
3: Leiv Eiriksson 1222900
✔️  Années couvertes : 2013-2024 

📊  Calcul couverture journalière...
📊  Couverture globale par navire :
                      Navire global_cov
                      <char>      <num>
 1:                  Fairway          1
 2: Queen Of The Netherlands          1
 3:                  Ham 318          1
 4:               Vox Maxima          1
 5:            Vasco Da Gama          1
 6:          Cristobal Colon          1
 7:           Leiv Eiriksson          1
 8:           Charles Darwin          1
 9:              Congo River          1
10:               Goryo 6 Ho          1
11:             Inai Kenanga          1
❌ Erreur Step 0, code 1
