🚀 === ÉTAPE 2: TRAITEMENT NAVIRE 11 ===
Job ID: 56500224_11
Node: bc11234
Début: Tue Jun 17 07:39:21 EDT 2025
📦 Job fractionnement référence: test_step1_final
✅ Répertoire de travail: /home/benl/R_scripts/pipeline_V6
✅ Vérification fichier R: -rw-r-----. 1 benl benl 6327 Jun 13 09:28 step2_process_navire.R
✅ Lancement traitement navire 11...
🔄 === TRAITEMENT NAVIRE INDIVIDUEL ===
Début: 2025-06-17 07:39:24 
✅ R configuré avec library: /home/benl/.local/R/4.2.1 
✅ Packages chargés - Configuration mono-thread activée
📋 Task ID: 11 
📋 Split Job ID: test_step1_final 
📊 Métadonnées chargées: 11 navires
🚢 Navire sélectionné: 
📁 Fichier input: /home/benl/scratch/test_step1_final/navire_11_Vasco_Da_Gama.rds 
📖 Chargement données navire...
✅ Format RDS détecté et chargé
✅ Données chargées: 189314 observations
✅ Configuration chargée: ~/R_scripts/configuration/outlier_config_V6.yaml 
🔧 Paramètres IF: contamination = 0.03 | trees = 50 
🚀 Début traitement Isolation Forest...
  🌲 Début Isolation Forest...
INFO  [07:39:26.371] dataset has duplicated rows
INFO  [07:39:26.439] Building Isolation Forest ...
INFO  [07:39:28.846] done
INFO  [07:39:28.848] Computing depth of terminal nodes ...
INFO  [07:39:29.894] done
INFO  [07:39:33.911] Completed growing isolation forest
  ✅ IF terminé: 5509 outliers sur 189314 points
📊 RÉSULTATS NAVIRE: 
  • Observations totales: 189314 
  • Outliers détectés: 5509 ( 2.91 %)
💾 Sauvegarde: /home/benl/scratch/test_step1_final/navire_11_Vasco_Da_Gama_clean.rds 
✅ Navire traité avec succès: 2025-06-17 07:39:43 
📁 Résultat: /home/benl/scratch/test_step1_final/navire_11_Vasco_Da_Gama_clean.rds 
Warning messages:
1: In readLines(con, warn = readLines.warn) :
  incomplete final line found on '~/R_scripts/configuration/outlier_config_V6.yaml'
2: In rm(dt_nav, if_model) : object 'if_model' not found
✅ Étape 2 terminée: Tue Jun 17 07:39:43 EDT 2025
📁 Résultats sauvés dans: ~/scratch/ais_results_56500224/
