🚀 === ÉTAPE 2: TRAITEMENT NAVIRE 6 ===
Job ID: 57238881_6
Node: bc11238
Début: Thu 10 Jul 2025 08:26:00 AM EDT
📦 Job fractionnement référence: 57238377
✅ Répertoire de travail: /home/benl/R_scripts/pipeline_V6
✅ Vérification fichier R: -rw-r-----. 1 benl benl 10307 Jul 10 07:54 step2_process_navire.R
✅ Lancement traitement navire 6...
🔄 === TRAITEMENT NAVIRE INDIVIDUEL ===
Début: 2025-07-10 08:26:02 
✅ R configuré avec library: /home/benl/.local/R/4.2.1 
✅ Packages chargés - Configuration mono-thread activée
📋 Task ID: 6 
📋 Split Job ID: 57238377 
📊 Métadonnées chargées: 11 navires
🚢 Navire sélectionné: Goryo 6 Ho 
📁 Fichier input: ~/scratch/ais_split_57238377/navire_06_Goryo_6_Ho.rds 
📖 Chargement données navire...
✅ Format RDS détecté et chargé
✅ Données chargées: 942182 observations
✅ Filtre vitesse physique : 942182 → 941996 lignes (99.98 % conservées)
✅ Configuration chargée: ~/R_scripts/configuration/outlier_config_V6.yaml 
🔧 Paramètres IF: contamination = 0.03 | trees = 50 
🚀 Début traitement Isolation Forest...
  🌲 Début Isolation Forest...
INFO  [08:26:07.803] dataset has duplicated rows
INFO  [08:26:07.916] Building Isolation Forest ...
INFO  [08:26:17.737] done
INFO  [08:26:17.740] Computing depth of terminal nodes ...
INFO  [08:26:18.517] done
INFO  [08:26:34.982] Completed growing isolation forest
  ✅ IF terminé: 28197 outliers sur 941996 points
🛑 Création de la colonne is_stop...
✅ Colonne is_stop créée: 927449 arrêts détectés
🔧 Création de colonnes supplémentaires...
✅ Colonnes supplémentaires créées (Annee, Course_change, Accel)
📊 RÉSULTATS NAVIRE: Goryo 6 Ho 
  • Observations totales: 941996 
  • Outliers détectés: 28197 ( 2.99 %)
  • Arrêts détectés: 927449 ( 98.46 %)
💾 Sauvegarde: ~/scratch/ais_results_57238881/06_Goryo_6_Ho_clean.rds 
✅ Navire Goryo 6 Ho traité avec succès: 2025-07-10 08:27:25 
📁 Résultat: ~/scratch/ais_results_57238881/06_Goryo_6_Ho_clean.rds 
Warning messages:
1: In readLines(file, warn = readLines.warn) :
  incomplete final line found on '~/R_scripts/configuration/ship_specs.yaml'
2: In rbindlist(spec_list, fill = TRUE) :
  Column 4 ['suction_pipe_diameter_mm'] of item 11 is length 0. This (and 1 other like it) has been filled with NA (NULL for list columns) to make each item uniform.
✅ Étape 2 terminée: Thu Jul 10 08:27:26 EDT 2025
📁 Résultats sauvés dans: ~/scratch/ais_results_57238881/
