✅ R cherchera les packages dans : /home/benl/R/4.3 | /cvmfs/soft.computecanada.ca/easybuild/software/2023/x86-64-v4/Compiler/gcccore/r/4.3.1/lib64/R/library 
🎯 Configuration optimisée: 5 folds de validation croisée
🚀 === ÉTAPE 3: FUSION ET GRID SEARCH (AVEC CHECK-POINTING) ===
📦 Job fractionnement: 443953 
📁 Dossier résultats: /home/benl/scratch/ais_results_443953 
🖥️  Cores: 16 
⏱️  Début: 2025-07-25 12:48:18 

🗑️  Suppression du checkpoint DBSCAN fautif pour forcer le recalcul
✅ Utilisation du dossier spécifié: /home/benl/scratch/ais_results_443953 
✅ Fichiers d'entrée vérifiés: 10 fichiers *_clean.rds trouvés


🏁  STEP-3  |  Fusion & Modélisation  |  début : 2025-07-25 12:48:18 

✅ R cherchera les packages dans : /home/benl/R/4.3 | /cvmfs/soft.computecanada.ca/easybuild/software/2023/x86-64-v4/Compiler/gcccore/r/4.3.1/lib64/R/library 

🔍 DIAGNOSTIC DES PACKAGES REQUIS:
   glmnet       : ❌ MANQUANT
   doParallel   : ❌ MANQUANT
   pROC         : ❌ MANQUANT
   data.table   : ✅ OK
   dbscan       : ❌ MANQUANT
   mclust       : ✅ OK
   yaml         : ✅ OK
   geosphere    : ❌ MANQUANT
   lubridate    : ✅ OK
   zoo          : ✅ OK
   solitude     : ✅ OK
   depmixS4     : ❌ MANQUANT

✅ Fichiers *_clean.rds trouvés: 10 
   • 01_Charles_Darwin_clean.rds 
   • 02_Ham_318_clean.rds 
   • 03_Leiv_Eiriksson_clean.rds 
   ... et 7 autres
💾  Source : /home/benl/scratch/ais_results_443953 
💾  Sortie : /home/benl/scratch/output_V6 
💾  Checkpoints : /home/benl/scratch/output_V6/checkpoints 

Error in library(dbscan) : there is no package called ‘dbscan’
Calls: source ... suppressPackageStartupMessages -> withCallingHandlers -> library
Execution halted
