🚀 === ÉTAPE 2: TRAITEMENT NAVIRE 6 ===
Job ID: 432197_6
Node: rc12808
Début: Fri 25 Jul 2025 08:20:34 AM EDT
📦 Job fractionnement référence: 430408
✅ Répertoire de travail: /home/benl/R_scripts/pipeline_V6
✅ Vérification fichier R: -rw-r-----. 1 benl benl 10503 Jul 25 08:18 step2_process_navire.R
✅ Lancement traitement navire 6...
🔄 === TRAITEMENT NAVIRE INDIVIDUEL ===
Début: 2025-07-25 08:20:35 
✅ R configuré avec library: /home/benl/R/4.3 
✅ Package qs disponible
✅ Packages chargés - Configuration mono-thread activée
📋 Task ID: 6 
📋 Split Job ID: 430408 
📊 Métadonnées chargées: 10 navires
🚢 Navire sélectionné: Queen Of The Netherlands 
📁 Fichier input: ~/scratch/ais_split_430408/navire_06_Queen_Of_The_Netherlands.rds 
📖 Chargement données navire...
✅ Format RDS détecté et chargé
✅ Données chargées: 1028255 observations
✅ Filtre vitesse physique : 1028255 → 1027414 lignes (99.92 % conservées)
✅ Configuration chargée: ~/R_scripts/configuration/outlier_config_V6.yaml 
🔧 Paramètres IF: contamination = 0.03 | trees = 50 
🚀 Début traitement Isolation Forest...
  🌲 Début Isolation Forest...
INFO  [08:20:37.548] dataset has duplicated rows
INFO  [08:20:37.607] Building Isolation Forest ...
INFO  [08:20:42.840] done
INFO  [08:20:42.841] Computing depth of terminal nodes ...
INFO  [08:20:43.332] done
INFO  [08:20:51.358] Completed growing isolation forest
  ✅ IF terminé: 30684 outliers sur 1027414 points
🛑 Création de la colonne is_stop...
✅ Colonne is_stop créée: 664483 arrêts détectés
🔧 Création de colonnes supplémentaires...
✅ Colonnes supplémentaires créées (Annee, Course_change, Accel)
📊 RÉSULTATS NAVIRE: Queen Of The Netherlands 
  • Observations totales: 1027414 
  • Outliers détectés: 30684 ( 2.99 %)
  • Arrêts détectés: 664483 ( 64.68 %)
💾 Sauvegarde: ~/scratch/ais_results_432197/06_Queen_Of_The_Netherlands_clean.rds 
✅ Navire Queen Of The Netherlands traité avec succès: 2025-07-25 08:21:20 
📁 Résultat: ~/scratch/ais_results_432197/06_Queen_Of_The_Netherlands_clean.rds 
Warning message:
In readLines(file, warn = readLines.warn) :
  incomplete final line found on '~/R_scripts/configuration/ship_specs.yaml'
✅ Étape 2 terminée: Fri 25 Jul 2025 08:21:20 AM EDT
📁 Résultats sauvés dans: ~/scratch/ais_results_432197/
