🏁 === ÉTAPE 4: AJOUT LITHOLOGIE (MONDE) ===
Job ID: 57285321
Node: bc11253
Début: Fri 11 Jul 2025 07:30:43 PM EDT
✅ Lancement ajout lithologie clean (monde)...
📁 Source: ~/scratch/output_V6/
💾 Espace disque disponible:
Filesystem                                     Size  Used Avail Use% Mounted on
10.72.112.13@o2ib:10.72.112.14@o2ib:/lustre04  2.6P  2.4P  229T  92% /lustre04
📖 Lecture des données...
🔍 Application du filtre BBOX...
🌳 Construction KD-Tree et recherche des plus proches voisins...
📊 Affectation des lithologies et filtrage...
💾 Sauvegarde des résultats...
✅  7066919 pings gardés (82.1 %)  /  1539733 rejetés

— Distribution des lithologies (pings retenus) —
                          lithologie       N
                              <char>   <int>
 1:                             sand 2511272
 2:                  Calcareous ooze 2243614
 3:                             clay 1921959
 4: fine-grained calcareous sediment  223946
 5:     ash and volcanic sand/gravel   76637
 6:                    siliceous mud   57146
 7:        shell and coral fragments   16120
 8:                      diatom ooze   13276
 9:                             silt    1169
10:                       mixed ooze     794
11:                           gravel     608
12:                 radiolarian ooze     378

🏁 Étape 4 terminée avec succès : 2025-07-11 19:34:19 
✅ Ajout lithologie clean (monde) terminé avec succès: Fri Jul 11 19:34:19 EDT 2025
📊 === RÉSUMÉ FINAL ===
-rw-r-----. 1 benl benl 261M Jul 11 19:34 /home/benl/scratch/output_V6/AIS_with_lithology_clean_20250711_193119.rds
📦 Taille du fichier de sortie: 215M
📊 Nombre de lignes: [1] 7066919
🎉 ÉTAPE 4 (MONDE) TERMINÉE !
