🚀 === ÉTAPE 2: TRAITEMENT NAVIRE 4 ===
Job ID: 56500224_4
Node: bc12260
Début: Tue Jun 17 07:34:13 EDT 2025
📦 Job fractionnement référence: test_step1_final
✅ Répertoire de travail: /home/benl/R_scripts/pipeline_V6
✅ Vérification fichier R: -rw-r-----. 1 benl benl 6327 Jun 13 09:28 step2_process_navire.R
✅ Lancement traitement navire 4...
🔄 === TRAITEMENT NAVIRE INDIVIDUEL ===
Début: 2025-06-17 07:34:17 
✅ R configuré avec library: /home/benl/.local/R/4.2.1 
✅ Packages chargés - Configuration mono-thread activée
📋 Task ID: 4 
📋 Split Job ID: test_step1_final 
📊 Métadonnées chargées: 11 navires
🚢 Navire sélectionné: 
📁 Fichier input: /home/benl/scratch/test_step1_final/navire_04_Queen_Of_The_Netherlands.rds 
📖 Chargement données navire...
✅ Format RDS détecté et chargé
✅ Données chargées: 1080409 observations
✅ Configuration chargée: ~/R_scripts/configuration/outlier_config_V6.yaml 
🔧 Paramètres IF: contamination = 0.03 | trees = 50 
🚀 Début traitement Isolation Forest...
  🌲 Début Isolation Forest...
INFO  [07:34:21.107] dataset has duplicated rows
INFO  [07:34:21.272] Building Isolation Forest ...
INFO  [07:34:29.649] done
INFO  [07:34:29.652] Computing depth of terminal nodes ...
INFO  [07:34:31.207] done
INFO  [07:34:49.279] Completed growing isolation forest
  ✅ IF terminé: 31432 outliers sur 1080409 points
📊 RÉSULTATS NAVIRE: 
  • Observations totales: 1080409 
  • Outliers détectés: 31432 ( 2.91 %)
💾 Sauvegarde: /home/benl/scratch/test_step1_final/navire_04_Queen_Of_The_Netherlands_clean.rds 
✅ Navire traité avec succès: 2025-06-17 07:35:35 
📁 Résultat: /home/benl/scratch/test_step1_final/navire_04_Queen_Of_The_Netherlands_clean.rds 
Warning messages:
1: In readLines(con, warn = readLines.warn) :
  incomplete final line found on '~/R_scripts/configuration/outlier_config_V6.yaml'
2: In rm(dt_nav, if_model) : object 'if_model' not found
✅ Étape 2 terminée: Tue Jun 17 07:35:35 EDT 2025
📁 Résultats sauvés dans: ~/scratch/ais_results_56500224/
