🚀 === ÉTAPE 2: TRAITEMENT NAVIRE 9 ===
Job ID: 416112_9
Node: rc31703
Début: Thu Jul 24 18:55:33 EDT 2025
📦 Job fractionnement référence: 
✅ Répertoire de travail: /home/benl/R_scripts/pipeline_V6
✅ Vérification fichier R: -rw-r-----. 1 benl benl 10852 Jul 24 18:45 step2_process_navire.R
✅ Lancement traitement navire 9...
🔄 === TRAITEMENT NAVIRE INDIVIDUEL ===
Début: 2025-07-24 18:55:34 
✅ R configuré avec library: /home/benl/R/library 
✅ Packages chargés - Configuration mono-thread activée
📋 Task ID: 9 
📋 Split Job ID:  
Error in eval(ei, envir) : 
  ❌ Métadonnées introuvables: ~/scratch/ais_split_/navires_metadata.csv
Calls: source -> withVisible -> eval -> eval
In addition: Warning messages:
1: package ‘lubridate’ was built under R version 4.5.0 
2: package ‘zoo’ was built under R version 4.5.0 
Execution halted
✅ Étape 2 terminée: Thu Jul 24 18:55:34 EDT 2025
📁 Résultats sauvés dans: ~/scratch/ais_results_416112/
