🚀 === ÉTAPE 2: TRAITEMENT NAVIRE 1 ===
Job ID: 431874_1
Node: rc12814
Début: Fri Jul 25 07:38:07 EDT 2025
📦 Job fractionnement référence: 430408
✅ Répertoire de travail: /home/benl/R_scripts/pipeline_V6
✅ Vérification fichier R: -rw-r-----. 1 benl benl 11362 Jul 25 06:15 step2_process_navire.R
✅ Lancement traitement navire 1...
🔄 === TRAITEMENT NAVIRE INDIVIDUEL ===
Début: 2025-07-25 07:38:08 
✅ R configuré avec library: /home/benl/R/library 
✅ Packages chargés - Configuration mono-thread activée
📌 Script hash reçu: non défini 
📋 Task ID: 1 
📋 Split Job ID: 430408 
📊 Métadonnées chargées: 10 navires
🚢 Navire sélectionné: Charles Darwin 
📁 Fichier input: ~/scratch/ais_split_430408/navire_01_Charles_Darwin.rds 
📖 Chargement données navire...
✅ Format RDS détecté et chargé
✅ Données chargées: 1372116 observations
Error in bmerge(i, x, leftcols, rightcols, roll, rollends, nomatch, mult,  : 
  Incompatible join types: x.ssvid (integer) and i.ssvid (character)
Calls: source ... [.data.table -> bmerge -> stopf -> raise_condition -> signal
In addition: Warning messages:
1: package ‘lubridate’ was built under R version 4.5.0 
2: package ‘zoo’ was built under R version 4.5.0 
3: In readLines(file, warn = readLines.warn) :
  incomplete final line found on '~/R_scripts/configuration/ship_specs.yaml'
Execution halted
✅ Étape 2 terminée: Fri Jul 25 07:38:10 EDT 2025
📁 Résultats sauvés dans: ~/scratch/ais_results_431874/
