🚀 === ÉTAPE 2: TRAITEMENT NAVIRE 9 ===
Job ID: 57239565_9
Node: bc11934
Début: Thu 10 Jul 2025 10:11:40 AM EDT
📦 Job fractionnement référence: 57238377
✅ Répertoire de travail: /home/benl/R_scripts/pipeline_V6
✅ Vérification fichier R: -rw-r-----. 1 benl benl 10307 Jul 10 09:05 step2_process_navire.R
✅ Lancement traitement navire 9...
🔄 === TRAITEMENT NAVIRE INDIVIDUEL ===
Début: 2025-07-10 10:11:47 
✅ R configuré avec library: /home/benl/.local/R/4.2.1 
✅ Packages chargés - Configuration mono-thread activée
📋 Task ID: 9 
📋 Split Job ID: 57238377 
📊 Métadonnées chargées: 11 navires
🚢 Navire sélectionné: Inai Kenanga 
📁 Fichier input: ~/scratch/ais_split_57238377/navire_09_Inai_Kenanga.rds 
📖 Chargement données navire...
✅ Format RDS détecté et chargé
✅ Données chargées: 803229 observations
✅ Filtre vitesse physique : 803229 → 803229 lignes (100.00 % conservées)
✅ Configuration chargée: ~/R_scripts/configuration/outlier_config_V6.yaml 
🔧 Paramètres IF: contamination = 0.03 | trees = 50 
🚀 Début traitement Isolation Forest...
  🌲 Début Isolation Forest...
INFO  [11:00:57.563] dataset has duplicated rows
INFO  [11:00:57.657] Building Isolation Forest ...
INFO  [11:01:04.564] done
INFO  [11:01:04.566] Computing depth of terminal nodes ...
INFO  [11:01:09.047] done
INFO  [11:01:23.058] Completed growing isolation forest
  ✅ IF terminé: 24029 outliers sur 803229 points
🛑 Création de la colonne is_stop...
✅ Colonne is_stop créée: 718044 arrêts détectés
🔧 Création de colonnes supplémentaires...
✅ Colonnes supplémentaires créées (Annee, Course_change, Accel)
📊 RÉSULTATS NAVIRE: Inai Kenanga 
  • Observations totales: 803229 
  • Outliers détectés: 24029 ( 2.99 %)
  • Arrêts détectés: 718044 ( 89.39 %)
💾 Sauvegarde: ~/scratch/ais_results_57239565/09_Inai_Kenanga_clean.rds 
✅ Navire Inai Kenanga traité avec succès: 2025-07-10 11:04:46 
📁 Résultat: ~/scratch/ais_results_57239565/09_Inai_Kenanga_clean.rds 
Warning messages:
1: In readLines(file, warn = readLines.warn) :
  incomplete final line found on '~/R_scripts/configuration/ship_specs.yaml'
2: In rbindlist(spec_list, fill = TRUE) :
  Column 4 ['suction_pipe_diameter_mm'] of item 11 is length 0. This (and 1 other like it) has been filled with NA (NULL for list columns) to make each item uniform.
✅ Étape 2 terminée: Thu Jul 10 11:04:52 EDT 2025
📁 Résultats sauvés dans: ~/scratch/ais_results_57239565/
