🚀 === ÉTAPE 2: TRAITEMENT NAVIRE 12 ===
Job ID: 56668330_12
Node: bc11211
Début: Mon Jun 23 06:09:16 EDT 2025
📦 Job fractionnement référence: 20250623055849
✅ Répertoire de travail: /home/benl/R_scripts/pipeline_V6
✅ Vérification fichier R: -rw-r-----. 1 benl benl 6327 Jun 13 09:28 step2_process_navire.R
✅ Lancement traitement navire 12...
🔄 === TRAITEMENT NAVIRE INDIVIDUEL ===
Début: 2025-06-23 06:09:18 
✅ R configuré avec library: /home/benl/.local/R/4.2.1 
✅ Packages chargés - Configuration mono-thread activée
📋 Task ID: 12 
📋 Split Job ID: 20250623055849 
📊 Métadonnées chargées: 11 navires
Error in eval(ei, envir) : ❌ Task ID 12 > nombre navires 11
Calls: source -> withVisible -> eval -> eval
Execution halted
✅ Étape 2 terminée: Mon Jun 23 06:09:19 EDT 2025
📁 Résultats sauvés dans: ~/scratch/ais_results_56668330/
