🚀 === ÉTAPE 2: TRAITEMENT NAVIRE 3 ===
Job ID: 57238590_3
Node: bc11235
Début: Thu 10 Jul 2025 07:14:03 AM EDT
📦 Job fractionnement référence: 57238377
✅ Répertoire de travail: /home/benl/R_scripts/pipeline_V6
✅ Vérification fichier R: -rw-r-----. 1 benl benl 8055 Jun 26 11:53 step2_process_navire.R
✅ Lancement traitement navire 3...
🔄 === TRAITEMENT NAVIRE INDIVIDUEL ===
Début: 2025-07-10 07:14:05 
✅ R configuré avec library: /home/benl/.local/R/4.2.1 
✅ Packages chargés - Configuration mono-thread activée
📋 Task ID: 3 
📋 Split Job ID: 57238377 
📊 Métadonnées chargées: 11 navires
🚢 Navire sélectionné: Leiv Eiriksson 
📁 Fichier input: ~/scratch/ais_split_57238377/navire_03_Leiv_Eiriksson.rds 
📖 Chargement données navire...
✅ Format RDS détecté et chargé
✅ Données chargées: 1197293 observations
✅ Configuration chargée: ~/R_scripts/configuration/outlier_config_V6.yaml 
🔧 Paramètres IF: contamination = 0.03 | trees = 50 
🚀 Début traitement Isolation Forest...
  🌲 Début Isolation Forest...
INFO  [07:14:13.466] dataset has duplicated rows
INFO  [07:14:13.607] Building Isolation Forest ...
INFO  [07:14:26.911] done
INFO  [07:14:26.913] Computing depth of terminal nodes ...
INFO  [07:14:28.905] done
INFO  [07:14:49.127] Completed growing isolation forest
  ✅ IF terminé: 35639 outliers sur 1197293 points
🛑 Création de la colonne is_stop...
✅ Colonne is_stop créée: 809595 arrêts détectés
🔧 Création de colonnes supplémentaires...
✅ Colonnes supplémentaires créées (Annee, Course_change, Accel)
📊 RÉSULTATS NAVIRE: Leiv Eiriksson 
  • Observations totales: 1197293 
  • Outliers détectés: 35639 ( 2.98 %)
  • Arrêts détectés: 809595 ( 67.62 %)
💾 Sauvegarde: ~/scratch/ais_results_57238590/03_Leiv_Eiriksson_clean.rds 
✅ Navire Leiv Eiriksson traité avec succès: 2025-07-10 07:16:50 
📁 Résultat: ~/scratch/ais_results_57238590/03_Leiv_Eiriksson_clean.rds 
Warning message:
In rm(dt_nav, if_model) : object 'if_model' not found
✅ Étape 2 terminée: Thu Jul 10 07:16:50 EDT 2025
📁 Résultats sauvés dans: ~/scratch/ais_results_57238590/
