🚀 === ÉTAPE 2: TRAITEMENT NAVIRE 4 ===
Job ID: 416006_4
Node: rc12511
Début: Thu 24 Jul 2025 06:27:56 PM EDT
📦 Job fractionnement référence: step1_20250724110029
✅ Répertoire de travail: /home/benl/R_scripts/pipeline_V6
✅ Vérification fichier R: -rw-r-----. 1 benl benl 10310 Jul 24 11:08 step2_process_navire.R
✅ Lancement traitement navire 4...
🔄 === TRAITEMENT NAVIRE INDIVIDUEL ===
Début: 2025-07-24 18:27:57 
✅ R configuré avec library: /home/benl/R/library 
✅ Packages chargés - Configuration mono-thread activée
📋 Task ID: 4 
📋 Split Job ID: step1_20250724110029 
📊 Métadonnées chargées: 10 navires
🚢 Navire sélectionné: Vasco Da Gama 
📁 Fichier input: ~/scratch/output_V6/step1_20250724110029/navire_04_Vasco_Da_Gama.rds 
📖 Chargement données navire...
✅ Format RDS détecté et chargé
✅ Données chargées: 1066393 observations
Error in vecseq(f__, len__, if (allow.cartesian || notjoin || !anyDuplicated(f__,  : 
  Join results in 2132786 rows; more than 1066404 = nrow(x)+nrow(i). Check for duplicate key values in i each of which join to the same group in x over and over again. If that's ok, try by=.EACHI to run j for each group to avoid the large allocation. If you are sure you wish to proceed, rerun with allow.cartesian=TRUE. Otherwise, please search for this error message in the FAQ, Wiki, Stack Overflow and data.table issue tracker for advice.
Calls: source ... merge -> merge.data.table -> [ -> [.data.table -> vecseq
In addition: Warning messages:
1: package ‘lubridate’ was built under R version 4.5.0 
2: package ‘zoo’ was built under R version 4.5.0 
3: In readLines(file, warn = readLines.warn) :
  incomplete final line found on '~/R_scripts/configuration/ship_specs.yaml'
Execution halted
✅ Étape 2 terminée: Thu Jul 24 18:27:58 EDT 2025
📁 Résultats sauvés dans: ~/scratch/ais_results_416006/
