🚀 === ÉTAPE 3: FUSION ET GRID SEARCH ===
Job ID: 56950715
Node: bc11933
Début: Mon 30 Jun 2025 11:13:14 AM EDT
📦 Job fractionnement référence: 56779162
✅ Répertoire de travail: /home/benl/R_scripts/pipeline_V6
✅ Vérification fichier R: -rw-r-----. 1 benl benl 31024 Jun 30 11:01 step3_merge_final.R
✅ Lancement fusion et grid search...
🚀 === ÉTAPE 3: FUSION ET GRID SEARCH (AVEC CHECK-POINTING) ===
📦 Job fractionnement: 56779162 
📁 Dossier résultats:  
🖥️  Cores: 16 
⏱️  Début: 2025-06-30 11:13:16 

🔍 Auto-détection du dossier de résultats...
✅ Dossier trouvé: /home/benl/scratch/ais_results_56779162 
✅ Fichiers d'entrée vérifiés: 11 fichiers *_clean.rds trouvés


🏁  STEP-3  |  Fusion & Modélisation  |  début : 2025-06-30 11:13:16 

✅ R configuré avec library: /home/benl/.local/R/4.2.1 
✅ Fichiers *_clean.rds trouvés: 11 
   • 01_Charles_Darwin_clean.rds 
   • 02_Ham_318_clean.rds 
   • 03_Leiv_Eiriksson_clean.rds 
   ... et 8 autres
💾  Source : /home/benl/scratch/ais_results_56779162 
💾  Sortie : ~/scratch/output_V6 

✅  Packages chargés | 16 threads data.table
✅  YAML chargé
🔄  Reload checkpoint: stage3A_fusion.rds 
🔧  Vérification des types de colonnes...
 Types des colonnes critiques:
   Navire    : character
   ssvid     : integer
   Seg_id    : character
   Annee     : numeric
🔍 Vérifications supplémentaires critiques...
✅ Colonne 'is_stop' présente
✅ Colonnes géographiques présentes
✅ Colonnes géographiques converties en numeric
✅ Aucun doublon détecté
📊 Utilisation mémoire: 0.94 GB
✅ Types de colonnes vérifiés et corrigés

⏱️  Détection pics temporels isolés…
📐  Filtrage contextuel…
🔧  Harmonisation des types pour la jointure des percentiles...
🔧  Vérification des types avant jointure:
   Table principale - Navire: character 
   Table percentiles - Navire: character 
🔄  Reload checkpoint: stage3B_dbscan.rds 
🔧  Cadence AIS & seuils adaptatifs par navire
                      Navire  p50_dt seuil_adaptatif n_min prop_long
                      <char>   <num>           <num> <num>     <num>
 1:              Congo River  97.000         291.000     3 0.1492676
 2:          Cristobal Colon 108.000         324.000     3 0.2095158
 3:                  Ham 318 130.690         392.070     3 0.2076991
 4:           Charles Darwin 136.000         408.000     3 0.1950150
 5:           Leiv Eiriksson 140.556         421.668     3 0.1719962
 6:                  Fairway 150.000         450.000     3 0.2229586
 7: Queen Of The Netherlands 176.000         528.000     3 0.2418194
 8:               Vox Maxima 179.000         537.000     3 0.2829589
 9:             Inai Kenanga 180.000         540.000     3 0.2631950
10:               Goryo 6 Ho 188.000         564.000     3 0.2574560
11:            Vasco Da Gama 361.000        1200.000     3 0.6178954
⚙️  Compute & save checkpoint: stage3C_gmm.rds 
🔧  GMM « stop + 4 » - début
converged at iteration 132 with logLik: 1408168 
converged at iteration 73 with logLik: 221599 
✅ GMM terminé - Checkpoint sauvegardé
✅ Checkpoint sauvegardé: stage3C_gmm.rds 
⚙️  Compute & save checkpoint: stage3D_gridsearch.rds 
🔍  Grid-search (poids score dragage) - début
🏆  Best w1=0.70 w2=0.20 w3=0.10 | AUC=0.9685
✅ Grid-search terminé - Checkpoint sauvegardé
✅ Checkpoint sauvegardé: stage3D_gridsearch.rds 

💾  Fichiers sauvegardés dans ~/scratch/output_V6 
⏱️  Fin : 2025-06-30 13:16:31 
Warning messages:
1: In em.depmix(object = object, maxit = emcontrol$maxit, tol = emcontrol$tol,  :
  Log likelihood decreased on iteration 18 from 14700041.058151 to 14557647.1454915
2: In em.depmix(object = object, maxit = emcontrol$maxit, tol = emcontrol$tol,  :
  Log likelihood decreased on iteration 16 from 9346843.83269268 to 9117518.3575515
3: In em.depmix(object = object, maxit = emcontrol$maxit, tol = emcontrol$tol,  :
  Log likelihood decreased on iteration 16 from 12304760.378092 to 12221726.257335
4: In em.depmix(object = object, maxit = emcontrol$maxit, tol = emcontrol$tol,  :
  Log likelihood decreased on iteration 11 from 21777223.8901541 to 21046628.7474522
5: In em.depmix(object = object, maxit = emcontrol$maxit, tol = emcontrol$tol,  :
  Log likelihood decreased on iteration 20 from 17456533.0824497 to 16538968.071008
6: In em.depmix(object = object, maxit = emcontrol$maxit, tol = emcontrol$tol,  :
  Log likelihood decreased on iteration 10 from 20232469.5867116 to 19174885.7107549
7: In em.depmix(object = object, maxit = emcontrol$maxit, tol = emcontrol$tol,  :
  Log likelihood decreased on iteration 15 from 17972453.8827629 to 17483969.6681093
8: In em.depmix(object = object, maxit = emcontrol$maxit, tol = emcontrol$tol,  :
  Log likelihood decreased on iteration 64 from 13244536.2267419 to 12630129.1038956
9: In em.depmix(object = object, maxit = emcontrol$maxit, tol = emcontrol$tol,  :
  Log likelihood decreased on iteration 74 from 7538719.90891562 to 7159930.31594531
✅ Fusion et grid search terminés avec succès: Mon Jun 30 13:16:34 EDT 2025
📊 === RÉSUMÉ FINAL ===
Fichiers générés dans ~/scratch/output_V6/:
-rw-r-----. 1 benl benl 88M Jun 30 13:16 /home/benl/scratch/output_V6/AIS_data_core_preprocessed_V6_20250630_130426.rds
-rw-r-----. 1 benl benl 76M Jun 30 13:16 /home/benl/scratch/output_V6/AIS_data_core_preprocessed_V6_20250630_131048.rds
-rw-r-----. 1 benl benl 208 Jun 30 13:16 /home/benl/scratch/output_V6/dragage_gridsearch_results_V6_20250630_130426.rds
🎉 ÉTAPE 3 TERMINÉE !
