📊 === ÉTAPE 0: ANALYSE COUVERTURE TEMPORELLE ===
Job ID: 56705226
Node: bc21121
Début: Tue 24 Jun 2025 07:13:43 AM EDT
✅ Lancement analyse couverture...

📊  STEP-0  |  Analyse Couverture Temporelle  |  début : 2025-06-24 07:13:45 

✅ R configuré avec library: /home/benl/.local/R/4.2.1 
📁  INPUT  : ~/scratch/AIS_data/*.csv 
📁  OUTPUT : ~/scratch/output_V6 

🔍  CSV détectés : 1 
   • benjamin2.csv 

✅  Lecture terminée : 10 432 017 lignes  |  2.5 s
📊  Calcul couverture journalière...
🔢  Préparation matrices cumulatives...
🔍  Analyse fenêtres temporelles...
✓  Vérification résultats...
Error in navire_presence_cum[, best_window$end_year] : 
  subscript out of bounds
Calls: source -> withVisible -> eval -> eval -> stopifnot
Execution halted
❌ Erreur lors de l'analyse: code 1
