📊 === ÉTAPE 0: ANALYSE COUVERTURE TEMPORELLE ===
Job ID: 56707191
Node: bc11903
Début: Tue 24 Jun 2025 08:21:22 AM EDT
✅ Lancement analyse couverture...

📊  STEP-0  |  Analyse Couverture Temporelle  |  début : 2025-06-24 08:21:25 

✅ R configuré avec library: /home/benl/.local/R/4.2.1 
📁  INPUT  : ~/scratch/AIS_data/*.csv 
📁  OUTPUT : ~/scratch/output_V6 

🔍  CSV détectés : 1 
   • benjamin2.csv 

✅  Lecture terminée : 10 432 017 lignes  |  2.5 s
📊  Calcul couverture journalière...
🔢  Préparation matrices cumulatives...
🔍  Analyse fenêtres temporelles...
✓  Vérification résultats...
🎨  Génération visualisations...

📊  RÉSULTATS  -------------------------------------------------
🎯  Fenêtre retenue : 2017 - 2024 | navires analysés : 1 / 1 
   • Score : 17.95 
   • Durée : 8 années

💾  Fichiers sauvegardés dans ~/scratch/output_V6 
⏱️  Fin : 2025-06-24 08:21:45 
✅ Analyse couverture terminée avec succès: Tue Jun 24 08:21:45 EDT 2025
📊 Résultats dans: ~/scratch/output_V6/
