🚀 === ÉTAPE 2: TRAITEMENT NAVIRE 1 ===
Job ID: 57239565_1
Node: bc11933
Début: Thu 10 Jul 2025 10:11:40 AM EDT
📦 Job fractionnement référence: 57238377
✅ Répertoire de travail: /home/benl/R_scripts/pipeline_V6
✅ Vérification fichier R: -rw-r-----. 1 benl benl 10307 Jul 10 09:05 step2_process_navire.R
✅ Lancement traitement navire 1...
🔄 === TRAITEMENT NAVIRE INDIVIDUEL ===
Début: 2025-07-10 10:11:47 
✅ R configuré avec library: /home/benl/.local/R/4.2.1 
✅ Packages chargés - Configuration mono-thread activée
📋 Task ID: 1 
📋 Split Job ID: 57238377 
📊 Métadonnées chargées: 11 navires
🚢 Navire sélectionné: Charles Darwin 
📁 Fichier input: ~/scratch/ais_split_57238377/navire_01_Charles_Darwin.rds 
📖 Chargement données navire...
✅ Format RDS détecté et chargé
✅ Données chargées: 1372116 observations
✅ Filtre vitesse physique : 1372116 → 1360768 lignes (99.17 % conservées)
✅ Configuration chargée: ~/R_scripts/configuration/outlier_config_V6.yaml 
🔧 Paramètres IF: contamination = 0.03 | trees = 50 
🚀 Début traitement Isolation Forest...
  🌲 Début Isolation Forest...
INFO  [11:01:01.366] dataset has duplicated rows
INFO  [11:01:01.538] Building Isolation Forest ...
INFO  [11:01:16.726] done
INFO  [11:01:16.727] Computing depth of terminal nodes ...
INFO  [11:01:17.425] done
INFO  [11:01:39.500] Completed growing isolation forest
  ✅ IF terminé: 40530 outliers sur 1360768 points
🛑 Création de la colonne is_stop...
✅ Colonne is_stop créée: 869714 arrêts détectés
🔧 Création de colonnes supplémentaires...
✅ Colonnes supplémentaires créées (Annee, Course_change, Accel)
📊 RÉSULTATS NAVIRE: Charles Darwin 
  • Observations totales: 1360768 
  • Outliers détectés: 40530 ( 2.98 %)
  • Arrêts détectés: 869714 ( 63.91 %)
💾 Sauvegarde: ~/scratch/ais_results_57239565/01_Charles_Darwin_clean.rds 
✅ Navire Charles Darwin traité avec succès: 2025-07-10 11:05:32 
📁 Résultat: ~/scratch/ais_results_57239565/01_Charles_Darwin_clean.rds 
Warning messages:
1: In readLines(file, warn = readLines.warn) :
  incomplete final line found on '~/R_scripts/configuration/ship_specs.yaml'
2: In rbindlist(spec_list, fill = TRUE) :
  Column 4 ['suction_pipe_diameter_mm'] of item 11 is length 0. This (and 1 other like it) has been filled with NA (NULL for list columns) to make each item uniform.
✅ Étape 2 terminée: Thu Jul 10 11:05:32 EDT 2025
📁 Résultats sauvés dans: ~/scratch/ais_results_57239565/
