🚀 === ÉTAPE 2: TRAITEMENT NAVIRE 3 ===
Job ID: 402111_3
Node: rc12811
Début: Thu Jul 24 12:03:13 EDT 2025
📦 Job fractionnement référence: step1_20250724110029
✅ Répertoire de travail: /home/benl/R_scripts/pipeline_V6
✅ Vérification fichier R: -rw-r-----. 1 benl benl 10310 Jul 24 11:08 step2_process_navire.R
✅ Lancement traitement navire 3...
🔄 === TRAITEMENT NAVIRE INDIVIDUEL ===
Début: 2025-07-24 12:03:14 
✅ R configuré avec library: /home/benl/R/library 
✅ Packages chargés - Configuration mono-thread activée
📋 Task ID: 3 
📋 Split Job ID: step1_20250724110029 
Error in eval(ei, envir) : 
  ❌ Métadonnées introuvables: ~/scratch/ais_split_step1_20250724110029/navires_metadata.csv
Calls: source -> withVisible -> eval -> eval
In addition: Warning messages:
1: package ‘lubridate’ was built under R version 4.5.0 
2: package ‘zoo’ was built under R version 4.5.0 
Execution halted
✅ Étape 2 terminée: Thu Jul 24 12:03:14 EDT 2025
📁 Résultats sauvés dans: ~/scratch/ais_results_402111/
