🚀 === ÉTAPE 2: TRAITEMENT NAVIRE 10 ===
Job ID: 443953_10
Node: rc32015
Début: Fri 25 Jul 2025 11:57:43 AM EDT
📦 Job fractionnement référence: 442634
✅ Répertoire de travail: /home/benl/R_scripts/pipeline_V6
✅ Vérification fichier R: -rw-r-----. 1 benl benl 10503 Jul 25 08:18 step2_process_navire.R
✅ Lancement traitement navire 10...
🔄 === TRAITEMENT NAVIRE INDIVIDUEL ===
Début: 2025-07-25 11:57:43 
✅ R configuré avec library: /home/benl/R/4.3 
✅ Package qs disponible
✅ Packages chargés - Configuration mono-thread activée
📋 Task ID: 10 
📋 Split Job ID: 442634 
📊 Métadonnées chargées: 10 navires
🚢 Navire sélectionné: Vox Maxima 
📁 Fichier input: ~/scratch/ais_split_442634/navire_10_Vox_Maxima.rds 
📖 Chargement données navire...
✅ Format RDS détecté et chargé
✅ Données chargées: 573815 observations
✅ Filtre vitesse physique : 573815 → 573805 lignes (100.00 % conservées)
✅ Configuration chargée: ~/R_scripts/configuration/outlier_config_V6.yaml 
🔧 Paramètres IF: contamination = 0.03 | trees = 50 
🚀 Début traitement Isolation Forest...
  🌲 Début Isolation Forest...
INFO  [11:57:45.612] dataset has duplicated rows
INFO  [11:57:45.652] Building Isolation Forest ...
INFO  [11:57:47.808] done
INFO  [11:57:47.808] Computing depth of terminal nodes ...
INFO  [11:57:48.381] done
INFO  [11:57:53.367] Completed growing isolation forest
  ✅ IF terminé: 16969 outliers sur 573805 points
🛑 Création de la colonne is_stop...
✅ Colonne is_stop créée: 441890 arrêts détectés
🔧 Création de colonnes supplémentaires...
✅ Colonnes supplémentaires créées (Annee, Course_change, Accel)
📊 RÉSULTATS NAVIRE: Vox Maxima 
  • Observations totales: 573805 
  • Outliers détectés: 16969 ( 2.96 %)
  • Arrêts détectés: 441890 ( 77.01 %)
💾 Sauvegarde: ~/scratch/ais_results_443953/10_Vox_Maxima_clean.rds 
✅ Navire Vox Maxima traité avec succès: 2025-07-25 11:58:09 
📁 Résultat: ~/scratch/ais_results_443953/10_Vox_Maxima_clean.rds 
Warning message:
In readLines(file, warn = readLines.warn) :
  incomplete final line found on '~/R_scripts/configuration/ship_specs.yaml'
✅ Étape 2 terminée: Fri 25 Jul 2025 11:58:09 AM EDT
📁 Résultats sauvés dans: ~/scratch/ais_results_443953/
