🚀 === ÉTAPE 2: TRAITEMENT NAVIRE 2 ===
Job ID: 57239565_2
Node: bc11933
Début: Thu 10 Jul 2025 10:11:40 AM EDT
📦 Job fractionnement référence: 57238377
✅ Répertoire de travail: /home/benl/R_scripts/pipeline_V6
✅ Vérification fichier R: -rw-r-----. 1 benl benl 10307 Jul 10 09:05 step2_process_navire.R
✅ Lancement traitement navire 2...
🔄 === TRAITEMENT NAVIRE INDIVIDUEL ===
Début: 2025-07-10 10:11:47 
✅ R configuré avec library: /home/benl/.local/R/4.2.1 
✅ Packages chargés - Configuration mono-thread activée
📋 Task ID: 2 
📋 Split Job ID: 57238377 
📊 Métadonnées chargées: 11 navires
🚢 Navire sélectionné: Ham 318 
📁 Fichier input: ~/scratch/ais_split_57238377/navire_02_Ham_318.rds 
📖 Chargement données navire...
✅ Format RDS détecté et chargé
✅ Données chargées: 1291826 observations
✅ Filtre vitesse physique : 1291826 → 1291802 lignes (100.00 % conservées)
✅ Configuration chargée: ~/R_scripts/configuration/outlier_config_V6.yaml 
🔧 Paramètres IF: contamination = 0.03 | trees = 50 
🚀 Début traitement Isolation Forest...
  🌲 Début Isolation Forest...
INFO  [11:00:59.237] dataset has duplicated rows
INFO  [11:00:59.378] Building Isolation Forest ...
INFO  [11:01:14.314] done
INFO  [11:01:14.316] Computing depth of terminal nodes ...
INFO  [11:01:14.878] done
INFO  [11:01:36.729] Completed growing isolation forest
  ✅ IF terminé: 38664 outliers sur 1291802 points
🛑 Création de la colonne is_stop...
✅ Colonne is_stop créée: 780881 arrêts détectés
🔧 Création de colonnes supplémentaires...
✅ Colonnes supplémentaires créées (Annee, Course_change, Accel)
📊 RÉSULTATS NAVIRE: Ham 318 
  • Observations totales: 1291802 
  • Outliers détectés: 38664 ( 2.99 %)
  • Arrêts détectés: 780881 ( 60.45 %)
💾 Sauvegarde: ~/scratch/ais_results_57239565/02_Ham_318_clean.rds 
✅ Navire Ham 318 traité avec succès: 2025-07-10 11:05:14 
📁 Résultat: ~/scratch/ais_results_57239565/02_Ham_318_clean.rds 
Warning messages:
1: In readLines(file, warn = readLines.warn) :
  incomplete final line found on '~/R_scripts/configuration/ship_specs.yaml'
2: In rbindlist(spec_list, fill = TRUE) :
  Column 4 ['suction_pipe_diameter_mm'] of item 11 is length 0. This (and 1 other like it) has been filled with NA (NULL for list columns) to make each item uniform.
✅ Étape 2 terminée: Thu Jul 10 11:05:14 EDT 2025
📁 Résultats sauvés dans: ~/scratch/ais_results_57239565/
