🚀 === ÉTAPE 1: FRACTIONNEMENT PAR NAVIRE ===
Job ID: 56434416
Node: bc11211
Début: Thu 12 Jun 2025 07:14:26 AM EDT
✅ Répertoire de travail: /home/benl/R_scripts/pipeline_V6
✅ Vérification fichier R: -rw-r-----. 1 benl benl 7871 Jun 12 06:56 step1_split_navires.R
✅ Lancement script de fractionnement...

🚀  STEP-1  |  FRACTIONNEMENT AIS PAR NAVIRE  |  début : 2025-06-12 07:14:28 

✅ R configuré avec library: /home/benl/.local/R/4.2.1 
⚠️ QS non disponible, fallback vers RDS
📁  INPUT  :  ~/scratch/AIS_data/*.csv 
📁  OUTPUT :  ~/scratch/ais_split_56434416 

🔍  CSV détectés : 13 
   • benjamin2.csv 
   • Charles Darwin.csv 
   • Congo River.csv 
   • Cristobal Colon.csv 
   • Fair Way.csv 
   • Goryo 6 HO.csv 
   • HAM318.csv 
   • INAI KENANGA.csv 
   • LEIV EIRIKSSONN.csv 
   • Queen of the netherlands.csv 
   • Rotterdam.csv 
   • Vasco de Gama.csv 
   • VOX maxima.csv 

✅  Lecture terminée : 12 218 766 lignes  |  22.9 s
Error in check_duplicate_names(x) : 
  x has duplicated column name [Speed]. Please remove or rename the duplicate and try again.
Calls: source ... check_duplicate_names -> stopf -> raise_condition -> signal
Execution halted
✅ Étape 1 terminée: Thu Jun 12 07:14:52 EDT 2025
📁 Fichiers sauvés dans: ~/scratch/ais_split_56434416/
📊 RÉSUMÉ FRACTIONNEMENT:
📈 Comptage lignes totales:
0 total
ℹ️ Fichiers .qs/.rds générés (format binaire - pas de comptage ligne)
