🚀 === ÉTAPE 2: TRAITEMENT NAVIRE  ===
Job ID: _
Node: rc32011
Début: Fri 25 Jul 2025 11:52:36 AM EDT
📦 Job fractionnement référence: 442634
✅ Répertoire de travail: /home/benl/R_scripts/pipeline_V6
✅ Vérification fichier R: -rw-r-----. 1 benl benl 10503 Jul 25 08:18 step2_process_navire.R
✅ Lancement traitement navire ...
🔄 === TRAITEMENT NAVIRE INDIVIDUEL ===
Début: 2025-07-25 11:52:37 
✅ R configuré avec library: /home/benl/R/4.3 
✅ Package qs disponible
✅ Packages chargés - Configuration mono-thread activée
📋 Task ID: NA 
📋 Split Job ID: 442634 
📊 Métadonnées chargées: 10 navires
Error in if (task_id > nrow(metadata)) { : 
  missing value where TRUE/FALSE needed
Calls: source -> withVisible -> eval -> eval
Execution halted
✅ Étape 2 terminée: Fri 25 Jul 2025 11:52:37 AM EDT
📁 Résultats sauvés dans: ~/scratch/ais_results_/
