🚀 === ÉTAPE 2: TRAITEMENT NAVIRE 7 ===
Job ID: 443953_7
Node: rc32012
Début: Fri 25 Jul 2025 11:57:45 AM EDT
📦 Job fractionnement référence: 442634
✅ Répertoire de travail: /home/benl/R_scripts/pipeline_V6
✅ Vérification fichier R: -rw-r-----. 1 benl benl 10503 Jul 25 08:18 step2_process_navire.R
✅ Lancement traitement navire 7...
🔄 === TRAITEMENT NAVIRE INDIVIDUEL ===
Début: 2025-07-25 11:57:45 
✅ R configuré avec library: /home/benl/R/4.3 
✅ Package qs disponible
✅ Packages chargés - Configuration mono-thread activée
📋 Task ID: 7 
📋 Split Job ID: 442634 
📊 Métadonnées chargées: 10 navires
🚢 Navire sélectionné: Cristobal Colon 
📁 Fichier input: ~/scratch/ais_split_442634/navire_07_Cristobal_Colon.rds 
📖 Chargement données navire...
✅ Format RDS détecté et chargé
✅ Données chargées: 838311 observations
✅ Filtre vitesse physique : 838311 → 838295 lignes (100.00 % conservées)
✅ Configuration chargée: ~/R_scripts/configuration/outlier_config_V6.yaml 
🔧 Paramètres IF: contamination = 0.03 | trees = 50 
🚀 Début traitement Isolation Forest...
  🌲 Début Isolation Forest...
INFO  [11:57:48.234] dataset has duplicated rows
INFO  [11:57:48.287] Building Isolation Forest ...
INFO  [11:57:53.466] done
INFO  [11:57:53.467] Computing depth of terminal nodes ...
INFO  [11:57:54.816] done
INFO  [11:58:01.895] Completed growing isolation forest
  ✅ IF terminé: 24889 outliers sur 838295 points
🛑 Création de la colonne is_stop...
✅ Colonne is_stop créée: 597209 arrêts détectés
🔧 Création de colonnes supplémentaires...
✅ Colonnes supplémentaires créées (Annee, Course_change, Accel)
📊 RÉSULTATS NAVIRE: Cristobal Colon 
  • Observations totales: 838295 
  • Outliers détectés: 24889 ( 2.97 %)
  • Arrêts détectés: 597209 ( 71.24 %)
💾 Sauvegarde: ~/scratch/ais_results_443953/07_Cristobal_Colon_clean.rds 
✅ Navire Cristobal Colon traité avec succès: 2025-07-25 11:58:24 
📁 Résultat: ~/scratch/ais_results_443953/07_Cristobal_Colon_clean.rds 
Warning message:
In readLines(file, warn = readLines.warn) :
  incomplete final line found on '~/R_scripts/configuration/ship_specs.yaml'
✅ Étape 2 terminée: Fri 25 Jul 2025 11:58:24 AM EDT
📁 Résultats sauvés dans: ~/scratch/ais_results_443953/
