📊 === ÉTAPE 0: ANALYSE COUVERTURE TEMPORELLE ===
Job ID: 56708607
Node: bc11903
Début: Tue 24 Jun 2025 09:18:07 AM EDT
✅ Lancement analyse couverture...

📊  STEP-0  |  Analyse Couverture Temporelle  |  début : 2025-06-24 09:18:09 

✅ R configuré avec library: /home/benl/.local/R/4.2.1 
📁  INPUT  : ~/scratch/AIS_data/*.csv 
📁  OUTPUT : ~/scratch/output_V6 

🔍  CSV détectés : 13 
   • benjamin2.csv
   • Charles Darwin.csv
   • Congo River.csv
   • Cristobal Colon.csv
   • Fair Way.csv
   • Goryo 6 HO.csv
   • HAM318.csv
   • INAI KENANGA.csv
   • LEIV EIRIKSSONN.csv
   • Queen of the netherlands.csv
   • Rotterdam.csv
   • Vasco de Gama.csv
   • VOX maxima.csv 

✅ Données fusionnées : 12 218 766 lignes
⚠️  ssvid sans correspondance :
 NA 
✅  Lecture terminée : 10 432 017 lignes  |  56.3 s
🛳️  Navires détectés : 11 
                          N
Navire                     189314 639077 803229 832988 905946 954488 1057785
  Charles Darwin                0      0      0      0      0      0       0
  Congo River                   0      0      0      1      0      0       0
  Cristobal Colon               0      0      0      0      1      0       0
  Fairway                       0      0      0      0      0      0       1
  Goryo 6 Ho                    0      0      0      0      0      1       0
  Ham 318                       0      0      0      0      0      0       0
  Inai Kenanga                  0      0      1      0      0      0       0
  Leiv Eiriksson                0      0      0      0      0      0       0
  Queen Of The Netherlands      0      0      0      0      0      0       0
  Vasco Da Gama                 1      0      0      0      0      0       0
  Vox Maxima                    0      1      0      0      0      0       0
                          N
Navire                     1080409 1222900 1311228 1434653
  Charles Darwin                 0       0       0       1
  Congo River                    0       0       0       0
  Cristobal Colon                0       0       0       0
  Fairway                        0       0       0       0
  Goryo 6 Ho                     0       0       0       0
  Ham 318                        0       0       1       0
  Inai Kenanga                   0       0       0       0
  Leiv Eiriksson                 0       1       0       0
  Queen Of The Netherlands       1       0       0       0
  Vasco Da Gama                  0       0       0       0
  Vox Maxima                     0       0       0       0
✔️  Ping par navire (top 3) :
           Navire       N
           <char>   <int>
1: Charles Darwin 1434653
2:        Ham 318 1311228
3: Leiv Eiriksson 1222900
✔️  Années couvertes : 2013-2024 

📊  Calcul couverture journalière...
🔢  Préparation matrices cumulatives...
🔍  Analyse fenêtres temporelles...
✓  Vérification résultats...
Error: best_window$score > 0 is not TRUE
Execution halted
❌ Erreur lors de l'analyse: code 1
