🚀 === ÉTAPE 2: TRAITEMENT NAVIRE 9 ===
Job ID: 429405_9
Node: rc31805
Début: Fri Jul 25 05:21:11 EDT 2025
📦 Auto-détection Step 1: step1_20250724110029 (répertoire: /home/benl/scratch/output_V6/step1_20250724110029)
   → Fichiers navire trouvés: 10
✅ Répertoire d'entrée: ~/scratch/output_V6/step1_20250724110029
✅ Répertoire de travail: /home/benl/R_scripts/pipeline_V6
✅ Vérification fichier R: -rw-r-----. 1 benl benl 10852 Jul 25 05:20 step2_process_navire.R
✅ Lancement traitement navire 9...
🔄 === TRAITEMENT NAVIRE INDIVIDUEL ===
Début: 2025-07-25 05:21:13 
✅ R configuré avec library: /home/benl/R/library 
✅ Packages chargés - Configuration mono-thread activée
📋 Task ID: 9 
📋 Split Job ID: step1_20250724110029 
📊 Métadonnées chargées: 10 navires
🚢 Navire sélectionné: Inai Kenanga 
📁 Fichier input: ~/scratch/output_V6/step1_20250724110029/navire_09_Inai_Kenanga.rds 
📖 Chargement données navire...
✅ Format RDS détecté et chargé
✅ Données chargées: 803229 observations
✅ Filtre vitesse physique : 803229 → 803229 lignes (100.00 % conservées)
✅ Configuration chargée: ~/R_scripts/configuration/outlier_config_V6.yaml 
🔧 Paramètres IF: contamination = 0.03 | trees = 50 
🚀 Début traitement Isolation Forest...
  🌲 Début Isolation Forest...
INFO  [05:21:15.176] dataset has duplicated rows
INFO  [05:21:15.221] Building Isolation Forest ...
INFO  [05:21:22.459] done
INFO  [05:21:22.460] Computing depth of terminal nodes ...
Error in dyn.load(file, DLLpath = DLLpath, ...) : 
  unable to load shared object '/home/benl/R/library/igraph/libs/igraph.so':
  libicui18n.so.73: cannot open shared object file: No such file or directory
Calls: source ... withCallingHandlers -> <Anonymous> -> value -> value.list
In addition: Warning messages:
1: package ‘lubridate’ was built under R version 4.5.0 
2: package ‘zoo’ was built under R version 4.5.0 
3: In readLines(file, warn = readLines.warn) :
  incomplete final line found on '~/R_scripts/configuration/ship_specs.yaml'
Timing stopped at: 7.343 0.234 9.998
Execution halted
✅ Étape 2 terminée: Fri Jul 25 05:21:25 EDT 2025
📁 Résultats sauvés dans: ~/scratch/ais_results_429405/
