🚀 === ÉTAPE 2: TRAITEMENT NAVIRE 8 ===
Job ID: 432197_8
Node: rc12808
Début: Fri 25 Jul 2025 08:20:34 AM EDT
📦 Job fractionnement référence: 430408
✅ Répertoire de travail: /home/benl/R_scripts/pipeline_V6
✅ Vérification fichier R: -rw-r-----. 1 benl benl 10503 Jul 25 08:18 step2_process_navire.R
✅ Lancement traitement navire 8...
🔄 === TRAITEMENT NAVIRE INDIVIDUEL ===
Début: 2025-07-25 08:20:35 
✅ R configuré avec library: /home/benl/R/4.3 
✅ Package qs disponible
✅ Packages chargés - Configuration mono-thread activée
📋 Task ID: 8 
📋 Split Job ID: 430408 
📊 Métadonnées chargées: 10 navires
🚢 Navire sélectionné: Congo River 
📁 Fichier input: ~/scratch/ais_split_430408/navire_08_Congo_River.rds 
📖 Chargement données navire...
✅ Format RDS détecté et chargé
✅ Données chargées: 832988 observations
✅ Filtre vitesse physique : 832988 → 832960 lignes (100.00 % conservées)
✅ Configuration chargée: ~/R_scripts/configuration/outlier_config_V6.yaml 
🔧 Paramètres IF: contamination = 0.03 | trees = 50 
🚀 Début traitement Isolation Forest...
  🌲 Début Isolation Forest...
INFO  [08:20:37.224] dataset has duplicated rows
INFO  [08:20:37.277] Building Isolation Forest ...
INFO  [08:20:41.461] done
INFO  [08:20:41.462] Computing depth of terminal nodes ...
INFO  [08:20:41.735] done
INFO  [08:20:48.744] Completed growing isolation forest
  ✅ IF terminé: 24876 outliers sur 832960 points
🛑 Création de la colonne is_stop...
✅ Colonne is_stop créée: 461117 arrêts détectés
🔧 Création de colonnes supplémentaires...
✅ Colonnes supplémentaires créées (Annee, Course_change, Accel)
📊 RÉSULTATS NAVIRE: Congo River 
  • Observations totales: 832960 
  • Outliers détectés: 24876 ( 2.99 %)
  • Arrêts détectés: 461117 ( 55.36 %)
💾 Sauvegarde: ~/scratch/ais_results_432197/08_Congo_River_clean.rds 
✅ Navire Congo River traité avec succès: 2025-07-25 08:21:13 
📁 Résultat: ~/scratch/ais_results_432197/08_Congo_River_clean.rds 
Warning message:
In readLines(file, warn = readLines.warn) :
  incomplete final line found on '~/R_scripts/configuration/ship_specs.yaml'
✅ Étape 2 terminée: Fri 25 Jul 2025 08:21:13 AM EDT
📁 Résultats sauvés dans: ~/scratch/ais_results_432197/
