📊 === ÉTAPE 0: ANALYSE COUVERTURE TEMPORELLE ===
Job ID: 56742546
Node: bc11935
Début: Wed Jun 25 07:44:15 EDT 2025
✅ Lancement analyse couverture...

📊  STEP-0  |  Analyse Couverture Temporelle  |  début : 2025-06-25 07:44:18 

✅ R configuré avec library: /home/benl/.local/R/4.2.1 
📁  INPUT  : ~/scratch/AIS_data/*.csv 
📁  OUTPUT : ~/scratch/output_V6 

🔍  CSV détectés : 13 
   • benjamin2.csv
   • Charles Darwin.csv
   • Congo River.csv
   • Cristobal Colon.csv
   • Fair Way.csv
   • Goryo 6 HO.csv
   • HAM318.csv
   • INAI KENANGA.csv
   • LEIV EIRIKSSONN.csv
   • Queen of the netherlands.csv
   • Rotterdam.csv
   • Vasco de Gama.csv
   • VOX maxima.csv 

✅ Données fusionnées : 12 218 766 lignes
⚠️  ssvid sans correspondance :
 NA 
✅  Lecture terminée : 10 432 017 lignes  |  142.6 s
🛳️  Navires détectés : 11 
                          N
Navire                     189314 639077 803229 832988 905946 954488 1057785
  Charles Darwin                0      0      0      0      0      0       0
  Congo River                   0      0      0      1      0      0       0
  Cristobal Colon               0      0      0      0      1      0       0
  Fairway                       0      0      0      0      0      0       1
  Goryo 6 Ho                    0      0      0      0      0      1       0
  Ham 318                       0      0      0      0      0      0       0
  Inai Kenanga                  0      0      1      0      0      0       0
  Leiv Eiriksson                0      0      0      0      0      0       0
  Queen Of The Netherlands      0      0      0      0      0      0       0
  Vasco Da Gama                 1      0      0      0      0      0       0
  Vox Maxima                    0      1      0      0      0      0       0
                          N
Navire                     1080409 1222900 1311228 1434653
  Charles Darwin                 0       0       0       1
  Congo River                    0       0       0       0
  Cristobal Colon                0       0       0       0
  Fairway                        0       0       0       0
  Goryo 6 Ho                     0       0       0       0
  Ham 318                        0       0       1       0
  Inai Kenanga                   0       0       0       0
  Leiv Eiriksson                 0       1       0       0
  Queen Of The Netherlands       1       0       0       0
  Vasco Da Gama                  0       0       0       0
  Vox Maxima                     0       0       0       0
✔️  Ping par navire (top 3) :
           Navire       N
           <char>   <int>
1: Charles Darwin 1434653
2:        Ham 318 1311228
3: Leiv Eiriksson 1222900
✔️  Années couvertes : 2013-2024 

📊  Calcul couverture journalière...
📊  Couverture globale par navire :
                      Navire global_cov
                      <char>      <num>
 1:                  Fairway          1
 2: Queen Of The Netherlands          1
 3:                  Ham 318          1
 4:               Vox Maxima          1
 5:            Vasco Da Gama          1
 6:          Cristobal Colon          1
 7:           Leiv Eiriksson          1
 8:           Charles Darwin          1
 9:              Congo River          1
10:               Goryo 6 Ho          1
11:             Inai Kenanga          1
Error in Navire %chin% keep_navires : object 'Navire' not found
Calls: source -> withVisible -> eval -> eval -> %chin%
Execution halted
❌ Erreur lors de l'analyse: code 1
