📊 STEP-0 – Analyse couverture  |  Thu 26 Jun 2025 06:54:45 AM EDT
Job ID: 56772534
Node: bc12021
ℹ️  Pattern : ~/scratch/AIS_data/*.csv
ℹ️  Output  : ~/scratch/output_V6
ℹ️  Script  : /home/benl/R_scripts/pipeline_V6/step0_coverage_analysis.R
✅ Lancement analyse couverture...

📊  STEP-0  |  Analyse Couverture Temporelle (Méthode A)  |  début : 2025-06-26 06:54:48 

✅ R configuré avec library: /home/benl/.local/R/4.2.1 
🔧  Arguments CLI reçus :
📋  Paramètres finaux :
   • β (beta_len) : 1 
   • γ (gamma_med) : 1 
   • δ (delta_min) : 2 
   • λ (lambda_cv) : 1 
   • Fenêtre min : 5 ans
   • Présence min : 0.5 
   • Couverture min : 0.1 
   • Perte max : 0.15

📁  INPUT  : ~/scratch/AIS_data/*.csv 
📁  OUTPUT : ~/scratch/output_V6 

🔍  Fichier à traiter : benjamin2.csv 

✅  Lecture terminée : 10 432 017 lignes  |  3.4 s
🛳️  Navires détectés : 11 
                          N
Navire                     189314 639077 803229 832988 905946 954488 1057785
  Charles Darwin                0      0      0      0      0      0       0
  Congo River                   0      0      0      1      0      0       0
  Cristobal Colon               0      0      0      0      1      0       0
  Fairway                       0      0      0      0      0      0       1
  Goryo 6 Ho                    0      0      0      0      0      1       0
  Ham 318                       0      0      0      0      0      0       0
  Inai Kenanga                  0      0      1      0      0      0       0
  Leiv Eiriksson                0      0      0      0      0      0       0
  Queen Of The Netherlands      0      0      0      0      0      0       0
  Vasco Da Gama                 1      0      0      0      0      0       0
  Vox Maxima                    0      1      0      0      0      0       0
                          N
Navire                     1080409 1222900 1311228 1434653
  Charles Darwin                 0       0       0       1
  Congo River                    0       0       0       0
  Cristobal Colon                0       0       0       0
  Fairway                        0       0       0       0
  Goryo 6 Ho                     0       0       0       0
  Ham 318                        0       0       1       0
  Inai Kenanga                   0       0       0       0
  Leiv Eiriksson                 0       1       0       0
  Queen Of The Netherlands       1       0       0       0
  Vasco Da Gama                  0       0       0       0
  Vox Maxima                     0       0       0       0
✔️  Ping par navire (top 3) :
           Navire       N
           <char>   <int>
1: Charles Darwin 1434653
2:        Ham 318 1311228
3: Leiv Eiriksson 1222900
✔️  Années couvertes : 2013-2024 

📊  Calcul matrice couverture...
✅  Matrice couverture : 11 navires × 12 années
🔎  Années à couverture faible détectées : 2013, 2014, 2015 
📊  Seuil de pings faible : 347 439.8 
✅  Après suppression années faibles : 11 navires × 9 années
📊  Filtrage adaptatif (perte max 5%)...
✅  Filtrage adaptatif : 10 navires conservés | perte visée ≤ 5.0 %, réelle = 1.5 %
📊  Filtrage adaptatif terminé — navires gardés : Charles Darwin, Ham 318, Leiv Eiriksson, Fairway, Queen Of The Netherlands, Goryo 6 Ho, Congo River, Cristobal Colon, Inai Kenanga, Vox Maxima 
✅  Après filtrage adaptatif : 10 navires × 9 années
🔧  Seuil de présence navire adaptatif : 0.9 
🔍  Recherche fenêtres Pareto-optimales (Méthode A)...
📊  Fenêtres candidates trouvées : 1 
🎯  Front de Pareto : 1 fenêtres non-dominées
✅  Fenêtre cœur : 2016 - 2024 | perte ≈ 0 % | navires : 8 
📊  Diagnostic visuel sauvegardé : pings_per_year.png
📊  Vérification perte de points...
📊  Perte de données : 19.8 %
🚢  Navires retenus : 8 
⚠️   19.8 % des points sont perdus (seuil 15 %).
💡  Considérer l'ajout du navire suivant dans le ranking volume.
💾  Sauvegarde résultats...
📄  Rapport Markdown généré : coverage_report.md

📊  RÉSULTATS FINAUX  ---------------------------------------------
🎯  Fenêtre retenue : 2016 - 2024 
   • Score : 9 
   • Durée : 9 années
   • Navires : 8 
   • Perte : 19.8 %

💾  Fichiers sauvegardés dans ~/scratch/output_V6 
⏱️  Fin : 2025-06-26 06:55:22 
✅ Terminé sans erreur : Thu Jun 26 06:55:22 EDT 2025
📄 Rapports dans ~/scratch/output_V6
📊 Résultats dans: ~/scratch/output_V6/
📄 core_window.yaml disponible : ~/scratch/output_V6/core_window.yaml
