🚀 === ÉTAPE 2: TRAITEMENT NAVIRE 11 ===
Job ID: 56778134_11
Node: bc11236
Début: Thu 26 Jun 2025 11:21:32 AM EDT
📦 Job fractionnement référence: 56777970
✅ Répertoire de travail: /home/benl/R_scripts/pipeline_V6
✅ Vérification fichier R: -rw-r-----. 1 benl benl 7733 Jun 23 11:08 step2_process_navire.R
✅ Lancement traitement navire 11...
🔄 === TRAITEMENT NAVIRE INDIVIDUEL ===
Début: 2025-06-26 11:21:34 
✅ R configuré avec library: /home/benl/.local/R/4.2.1 
✅ Packages chargés - Configuration mono-thread activée
📋 Task ID: 11 
📋 Split Job ID: 56777970 
📊 Métadonnées chargées: 11 navires
🚢 Navire sélectionné: 
📁 Fichier input: ~/scratch/ais_split_56777970/navire_11_Vasco_Da_Gama.rds 
📖 Chargement données navire...
✅ Format RDS détecté et chargé
✅ Données chargées: 177001 observations
✅ Configuration chargée: ~/R_scripts/configuration/outlier_config_V6.yaml 
🔧 Paramètres IF: contamination = 0.03 | trees = 50 
🚀 Début traitement Isolation Forest...
  🌲 Début Isolation Forest...
INFO  [11:21:39.533] dataset has duplicated rows
INFO  [11:21:39.595] Building Isolation Forest ...
INFO  [11:21:42.875] done
INFO  [11:21:42.876] Computing depth of terminal nodes ...
INFO  [11:21:50.072] done
INFO  [11:21:53.689] Completed growing isolation forest
  ✅ IF terminé: 5239 outliers sur 177001 points
🛑 Création de la colonne is_stop...
✅ Colonne is_stop créée: 143918 arrêts détectés
🔧 Création de colonnes supplémentaires...
✅ Colonnes supplémentaires créées (Annee, Course_change, Accel)
📊 RÉSULTATS NAVIRE: 
  • Observations totales: 177001 
  • Outliers détectés: 5239 ( 2.96 %)
  • Arrêts détectés: 143918 ( 81.31 %)
💾 Sauvegarde: ~/scratch/ais_split_56777970/navire_11_Vasco_Da_Gama_clean.rds 
✅ Navire traité avec succès: 2025-06-26 11:22:04 
📁 Résultat: ~/scratch/ais_split_56777970/navire_11_Vasco_Da_Gama_clean.rds 
Warning message:
In rm(dt_nav, if_model) : object 'if_model' not found
✅ Étape 2 terminée: Thu Jun 26 11:22:05 EDT 2025
📁 Résultats sauvés dans: ~/scratch/ais_results_56778134/
