🚀 === ÉTAPE 1: FRACTIONNEMENT PAR NAVIRE ===
Job ID: 56775830
Node: bc12153
Début: Thu 26 Jun 2025 09:51:27 AM EDT
✅ Lancement script de fractionnement...
📂 Répertoire: /home/benl/R_scripts/pipeline_V6
📊 Sortie: ~/scratch/ais_split_56775830/

🚀  STEP-1  |  FRACTIONNEMENT AIS PAR NAVIRE  |  début : 2025-06-26 09:51:30 

✅ R configuré avec library: /home/benl/.local/R/4.2.1 
⚠️ QS non disponible, fallback vers RDS
📁  INPUT  :  ~/scratch/AIS_data/*.csv 
📁  OUTPUT :  ~/scratch/ais_split_56775830 
📋  CONFIG :  ~/scratch/output_V6/core_window.yaml 

🔍  Lecture configuration step 0...
📅  Fenêtre temporelle : 2015 - 2024 
🚢  Navires sélectionnés : 11 
   • Charles Darwin, Congo River, Cristobal Colon, Fairway, Goryo 6 Ho, Ham 318, Inai Kenanga, Leiv Eiriksson, Queen Of The Netherlands, Vasco Da Gama, Vox Maxima 

🔍  CSV détectés : 13 
   • benjamin2.csv 
   • Charles Darwin.csv 
   • Congo River.csv 
   • Cristobal Colon.csv 
   • Fair Way.csv 
   • Goryo 6 HO.csv 
   • HAM318.csv 
   • INAI KENANGA.csv 
   • LEIV EIRIKSSONN.csv 
   • Queen of the netherlands.csv 
   • Rotterdam.csv 
   • Vasco de Gama.csv 
   • VOX maxima.csv 

✅  Lecture terminée : 12 218 766 lignes  |  42.0 s
Error in check_duplicate_names(x) : 
  x has duplicated column name [Speed]. Please remove or rename the duplicate and try again.
Calls: source ... check_duplicate_names -> stopf -> raise_condition -> signal
Execution halted
❌ Erreur lors du fractionnement: code 1
