🚀 === ÉTAPE 2: TRAITEMENT NAVIRE 12 ===
Job ID: 56502733_12
Node: bc11235
Début: Tue Jun 17 10:33:57 EDT 2025
📦 Job fractionnement référence: test_step1_final
✅ Répertoire de travail: /home/benl/R_scripts/pipeline_V6
✅ Vérification fichier R: -rw-r-----. 1 benl benl 6327 Jun 13 09:28 step2_process_navire.R
✅ Lancement traitement navire 12...
🔄 === TRAITEMENT NAVIRE INDIVIDUEL ===
Début: 2025-06-17 10:34:00 
✅ R configuré avec library: /home/benl/.local/R/4.2.1 
✅ Packages chargés - Configuration mono-thread activée
📋 Task ID: 12 
📋 Split Job ID: test_step1_final 
📊 Métadonnées chargées: 11 navires
Error in eval(ei, envir) : ❌ Task ID 12 > nombre navires 11
Calls: source -> withVisible -> eval -> eval
Execution halted
✅ Étape 2 terminée: Tue Jun 17 10:34:01 EDT 2025
📁 Résultats sauvés dans: ~/scratch/ais_results_56502733/
