🚀 === ÉTAPE 3: FUSION ET GRID SEARCH (AVEC CHECK-POINTING) ===
📦 Job fractionnement: 56779162 
📁 Dossier résultats: /home/benl/scratch/ais_results_56779162 
🖥️  Cores: 16 
⏱️  Début: 2025-07-02 17:51:48 

🗑️  Suppression du checkpoint DBSCAN fautif pour forcer le recalcul
✅ Utilisation du dossier spécifié: /home/benl/scratch/ais_results_56779162 
✅ Fichiers d'entrée vérifiés: 11 fichiers *_clean.rds trouvés


🏁  STEP-3  |  Fusion & Modélisation  |  début : 2025-07-02 17:51:49 

✅ R configuré avec library: /home/benl/.local/R/4.2.1 
✅ Fichiers *_clean.rds trouvés: 11 
   • 01_Charles_Darwin_clean.rds 
   • 02_Ham_318_clean.rds 
   • 03_Leiv_Eiriksson_clean.rds 
   ... et 8 autres
💾  Source : /home/benl/scratch/ais_results_56779162 
💾  Sortie : /home/benl/scratch/output_V6 
💾  Checkpoints : /home/benl/scratch/output_V6/checkpoints 

Error in library(geosphere) : there is no package called ‘geosphere’
Calls: source ... suppressPackageStartupMessages -> withCallingHandlers -> library
Execution halted
