🚀 === ÉTAPE 2: TRAITEMENT NAVIRE 8 ===
Job ID: 56500224_8
Node: bc12260
Début: Tue Jun 17 07:37:52 EDT 2025
📦 Job fractionnement référence: test_step1_final
✅ Répertoire de travail: /home/benl/R_scripts/pipeline_V6
✅ Vérification fichier R: -rw-r-----. 1 benl benl 6327 Jun 13 09:28 step2_process_navire.R
✅ Lancement traitement navire 8...
🔄 === TRAITEMENT NAVIRE INDIVIDUEL ===
Début: 2025-06-17 07:37:54 
✅ R configuré avec library: /home/benl/.local/R/4.2.1 
✅ Packages chargés - Configuration mono-thread activée
📋 Task ID: 8 
📋 Split Job ID: test_step1_final 
📊 Métadonnées chargées: 11 navires
🚢 Navire sélectionné: 
📁 Fichier input: /home/benl/scratch/test_step1_final/navire_08_Congo_River.rds 
📖 Chargement données navire...
✅ Format RDS détecté et chargé
✅ Données chargées: 832988 observations
✅ Configuration chargée: ~/R_scripts/configuration/outlier_config_V6.yaml 
🔧 Paramètres IF: contamination = 0.03 | trees = 50 
🚀 Début traitement Isolation Forest...
  🌲 Début Isolation Forest...
INFO  [07:37:57.955] dataset has duplicated rows
INFO  [07:37:58.061] Building Isolation Forest ...
INFO  [07:38:04.123] done
INFO  [07:38:04.126] Computing depth of terminal nodes ...
INFO  [07:38:04.925] done
INFO  [07:38:19.165] Completed growing isolation forest
  ✅ IF terminé: 24983 outliers sur 832988 points
📊 RÉSULTATS NAVIRE: 
  • Observations totales: 832988 
  • Outliers détectés: 24983 ( 3 %)
💾 Sauvegarde: /home/benl/scratch/test_step1_final/navire_08_Congo_River_clean.rds 
✅ Navire traité avec succès: 2025-06-17 07:38:55 
📁 Résultat: /home/benl/scratch/test_step1_final/navire_08_Congo_River_clean.rds 
Warning messages:
1: In readLines(con, warn = readLines.warn) :
  incomplete final line found on '~/R_scripts/configuration/outlier_config_V6.yaml'
2: In rm(dt_nav, if_model) : object 'if_model' not found
✅ Étape 2 terminée: Tue Jun 17 07:38:55 EDT 2025
📁 Résultats sauvés dans: ~/scratch/ais_results_56500224/
