🚀 === ÉTAPE 2: TRAITEMENT NAVIRE 4 ===
Job ID: 56779162_4
Node: bc11237
Début: Thu 26 Jun 2025 12:09:19 PM EDT
📦 Job fractionnement référence: 56777970
✅ Répertoire de travail: /home/benl/R_scripts/pipeline_V6
✅ Vérification fichier R: -rw-r-----. 1 benl benl 8055 Jun 26 11:53 step2_process_navire.R
✅ Lancement traitement navire 4...
🔄 === TRAITEMENT NAVIRE INDIVIDUEL ===
Début: 2025-06-26 12:09:21 
✅ R configuré avec library: /home/benl/.local/R/4.2.1 
✅ Packages chargés - Configuration mono-thread activée
📋 Task ID: 4 
📋 Split Job ID: 56777970 
📊 Métadonnées chargées: 11 navires
🚢 Navire sélectionné: Fairway 
📁 Fichier input: ~/scratch/ais_split_56777970/navire_04_Fairway.rds 
📖 Chargement données navire...
✅ Format RDS détecté et chargé
✅ Données chargées: 1038765 observations
✅ Configuration chargée: ~/R_scripts/configuration/outlier_config_V6.yaml 
🔧 Paramètres IF: contamination = 0.03 | trees = 50 
🚀 Début traitement Isolation Forest...
  🌲 Début Isolation Forest...
INFO  [12:09:28.538] dataset has duplicated rows
INFO  [12:09:28.657] Building Isolation Forest ...
INFO  [12:09:38.755] done
INFO  [12:09:38.757] Computing depth of terminal nodes ...
INFO  [12:09:39.543] done
INFO  [12:09:56.753] Completed growing isolation forest
  ✅ IF terminé: 30243 outliers sur 1038765 points
🛑 Création de la colonne is_stop...
✅ Colonne is_stop créée: 615809 arrêts détectés
🔧 Création de colonnes supplémentaires...
✅ Colonnes supplémentaires créées (Annee, Course_change, Accel)
📊 RÉSULTATS NAVIRE: Fairway 
  • Observations totales: 1038765 
  • Outliers détectés: 30243 ( 2.91 %)
  • Arrêts détectés: 615809 ( 59.28 %)
💾 Sauvegarde: ~/scratch/ais_results_56779162/04_Fairway_clean.rds 
✅ Navire Fairway traité avec succès: 2025-06-26 12:11:00 
📁 Résultat: ~/scratch/ais_results_56779162/04_Fairway_clean.rds 
Warning message:
In rm(dt_nav, if_model) : object 'if_model' not found
✅ Étape 2 terminée: Thu Jun 26 12:11:00 EDT 2025
📁 Résultats sauvés dans: ~/scratch/ais_results_56779162/
