🚀 === ÉTAPE 2: TRAITEMENT NAVIRE 8 ===
Job ID: 56668330_8
Node: bc11227
Début: Mon Jun 23 06:05:16 EDT 2025
📦 Job fractionnement référence: 20250623055849
✅ Répertoire de travail: /home/benl/R_scripts/pipeline_V6
✅ Vérification fichier R: -rw-r-----. 1 benl benl 6327 Jun 13 09:28 step2_process_navire.R
✅ Lancement traitement navire 8...
🔄 === TRAITEMENT NAVIRE INDIVIDUEL ===
Début: 2025-06-23 06:05:20 
✅ R configuré avec library: /home/benl/.local/R/4.2.1 
✅ Packages chargés - Configuration mono-thread activée
📋 Task ID: 8 
📋 Split Job ID: 20250623055849 
📊 Métadonnées chargées: 11 navires
🚢 Navire sélectionné: 
📁 Fichier input: ~/scratch/ais_split_20250623055849/navire_08_Congo_River.rds 
📖 Chargement données navire...
✅ Format RDS détecté et chargé
✅ Données chargées: 832988 observations
✅ Configuration chargée: ~/R_scripts/configuration/outlier_config_V6.yaml 
🔧 Paramètres IF: contamination = 0.03 | trees = 50 
🚀 Début traitement Isolation Forest...
  🌲 Début Isolation Forest...
INFO  [06:05:32.004] dataset has duplicated rows
INFO  [06:05:32.117] Building Isolation Forest ...
INFO  [06:05:42.798] done
INFO  [06:05:42.800] Computing depth of terminal nodes ...
INFO  [06:05:51.016] done
INFO  [06:06:05.805] Completed growing isolation forest
  ✅ IF terminé: 24983 outliers sur 832988 points
📊 RÉSULTATS NAVIRE: 
  • Observations totales: 832988 
  • Outliers détectés: 24983 ( 3 %)
💾 Sauvegarde: ~/scratch/ais_split_20250623055849/navire_08_Congo_River_clean.rds 
✅ Navire traité avec succès: 2025-06-23 06:06:43 
📁 Résultat: ~/scratch/ais_split_20250623055849/navire_08_Congo_River_clean.rds 
Warning message:
In rm(dt_nav, if_model) : object 'if_model' not found
✅ Étape 2 terminée: Mon Jun 23 06:06:43 EDT 2025
📁 Résultats sauvés dans: ~/scratch/ais_results_56668330/
