🚀 === ÉTAPE 2: TRAITEMENT NAVIRE 9 ===
Job ID: 432197_9
Node: rc12808
Début: Fri 25 Jul 2025 08:20:34 AM EDT
📦 Job fractionnement référence: 430408
✅ Répertoire de travail: /home/benl/R_scripts/pipeline_V6
✅ Vérification fichier R: -rw-r-----. 1 benl benl 10503 Jul 25 08:18 step2_process_navire.R
✅ Lancement traitement navire 9...
🔄 === TRAITEMENT NAVIRE INDIVIDUEL ===
Début: 2025-07-25 08:20:35 
✅ R configuré avec library: /home/benl/R/4.3 
✅ Package qs disponible
✅ Packages chargés - Configuration mono-thread activée
📋 Task ID: 9 
📋 Split Job ID: 430408 
📊 Métadonnées chargées: 10 navires
🚢 Navire sélectionné: Inai Kenanga 
📁 Fichier input: ~/scratch/ais_split_430408/navire_09_Inai_Kenanga.rds 
📖 Chargement données navire...
✅ Format RDS détecté et chargé
✅ Données chargées: 803229 observations
✅ Filtre vitesse physique : 803229 → 803229 lignes (100.00 % conservées)
✅ Configuration chargée: ~/R_scripts/configuration/outlier_config_V6.yaml 
🔧 Paramètres IF: contamination = 0.03 | trees = 50 
🚀 Début traitement Isolation Forest...
  🌲 Début Isolation Forest...
INFO  [08:20:37.101] dataset has duplicated rows
INFO  [08:20:37.148] Building Isolation Forest ...
INFO  [08:20:40.879] done
INFO  [08:20:40.879] Computing depth of terminal nodes ...
INFO  [08:20:41.276] done
INFO  [08:20:48.218] Completed growing isolation forest
  ✅ IF terminé: 23685 outliers sur 803229 points
🛑 Création de la colonne is_stop...
✅ Colonne is_stop créée: 718044 arrêts détectés
🔧 Création de colonnes supplémentaires...
✅ Colonnes supplémentaires créées (Annee, Course_change, Accel)
📊 RÉSULTATS NAVIRE: Inai Kenanga 
  • Observations totales: 803229 
  • Outliers détectés: 23685 ( 2.95 %)
  • Arrêts détectés: 718044 ( 89.39 %)
💾 Sauvegarde: ~/scratch/ais_results_432197/09_Inai_Kenanga_clean.rds 
✅ Navire Inai Kenanga traité avec succès: 2025-07-25 08:21:10 
📁 Résultat: ~/scratch/ais_results_432197/09_Inai_Kenanga_clean.rds 
Warning message:
In readLines(file, warn = readLines.warn) :
  incomplete final line found on '~/R_scripts/configuration/ship_specs.yaml'
✅ Étape 2 terminée: Fri 25 Jul 2025 08:21:10 AM EDT
📁 Résultats sauvés dans: ~/scratch/ais_results_432197/
