🚀 === ÉTAPE 2: TRAITEMENT NAVIRE 4 ===
Job ID: 431965_4
Node: rc31703
Début: Fri Jul 25 07:53:17 EDT 2025
📦 Job fractionnement référence: 430408
✅ Répertoire de travail: /home/benl/R_scripts/pipeline_V6
✅ Vérification fichier R: -rw-r-----. 1 benl benl 10516 Jul 25 07:48 step2_process_navire.R
✅ Lancement traitement navire 4...
🔄 === TRAITEMENT NAVIRE INDIVIDUEL ===
Début: 2025-07-25 07:53:17 
✅ R configuré avec library: /home/benl/R/library 
✅ Packages chargés - Configuration mono-thread activée
📋 Task ID: 4 
📋 Split Job ID: 430408 
📊 Métadonnées chargées: 10 navires
🚢 Navire sélectionné: Vasco Da Gama 
📁 Fichier input: ~/scratch/ais_split_430408/navire_04_Vasco_Da_Gama.rds 
📖 Chargement données navire...
✅ Format RDS détecté et chargé
✅ Données chargées: 1066393 observations
Error in vecseq(f__, len__, if (allow.cartesian || notjoin || !anyDuplicated(f__,  : 
  Join results in 2132786 rows; more than 1066404 = nrow(x)+nrow(i). Check for duplicate key values in i each of which join to the same group in x over and over again. If that's ok, try by=.EACHI to run j for each group to avoid the large allocation. If you are sure you wish to proceed, rerun with allow.cartesian=TRUE. Otherwise, please search for this error message in the FAQ, Wiki, Stack Overflow and data.table issue tracker for advice.
Calls: source ... merge -> merge.data.table -> [ -> [.data.table -> vecseq
In addition: Warning messages:
1: package ‘lubridate’ was built under R version 4.5.0 
2: package ‘zoo’ was built under R version 4.5.0 
3: In readLines(file, warn = readLines.warn) :
  incomplete final line found on '~/R_scripts/configuration/ship_specs.yaml'
Execution halted
✅ Étape 2 terminée: Fri Jul 25 07:53:18 EDT 2025
📁 Résultats sauvés dans: ~/scratch/ais_results_431965/
