🚀 === ÉTAPE 2: TRAITEMENT NAVIRE 11 ===
Job ID: 56668330_11
Node: bc11202
Début: Mon Jun 23 06:09:16 EDT 2025
📦 Job fractionnement référence: 20250623055849
✅ Répertoire de travail: /home/benl/R_scripts/pipeline_V6
✅ Vérification fichier R: -rw-r-----. 1 benl benl 6327 Jun 13 09:28 step2_process_navire.R
✅ Lancement traitement navire 11...
🔄 === TRAITEMENT NAVIRE INDIVIDUEL ===
Début: 2025-06-23 06:09:18 
✅ R configuré avec library: /home/benl/.local/R/4.2.1 
✅ Packages chargés - Configuration mono-thread activée
📋 Task ID: 11 
📋 Split Job ID: 20250623055849 
📊 Métadonnées chargées: 11 navires
🚢 Navire sélectionné: 
📁 Fichier input: ~/scratch/ais_split_20250623055849/navire_11_Vasco_Da_Gama.rds 
📖 Chargement données navire...
✅ Format RDS détecté et chargé
✅ Données chargées: 189314 observations
✅ Configuration chargée: ~/R_scripts/configuration/outlier_config_V6.yaml 
🔧 Paramètres IF: contamination = 0.03 | trees = 50 
🚀 Début traitement Isolation Forest...
  🌲 Début Isolation Forest...
INFO  [06:09:20.136] dataset has duplicated rows
INFO  [06:09:20.205] Building Isolation Forest ...
INFO  [06:09:22.749] done
INFO  [06:09:22.750] Computing depth of terminal nodes ...
INFO  [06:09:23.604] done
INFO  [06:09:27.963] Completed growing isolation forest
  ✅ IF terminé: 5509 outliers sur 189314 points
📊 RÉSULTATS NAVIRE: 
  • Observations totales: 189314 
  • Outliers détectés: 5509 ( 2.91 %)
💾 Sauvegarde: ~/scratch/ais_split_20250623055849/navire_11_Vasco_Da_Gama_clean.rds 
✅ Navire traité avec succès: 2025-06-23 06:09:38 
📁 Résultat: ~/scratch/ais_split_20250623055849/navire_11_Vasco_Da_Gama_clean.rds 
Warning message:
In rm(dt_nav, if_model) : object 'if_model' not found
✅ Étape 2 terminée: Mon Jun 23 06:09:39 EDT 2025
📁 Résultats sauvés dans: ~/scratch/ais_results_56668330/
