🚀 === ÉTAPE 2: TRAITEMENT NAVIRE 5 ===
Job ID: 57238881_5
Node: bc11238
Début: Thu 10 Jul 2025 08:26:00 AM EDT
📦 Job fractionnement référence: 57238377
✅ Répertoire de travail: /home/benl/R_scripts/pipeline_V6
✅ Vérification fichier R: -rw-r-----. 1 benl benl 10307 Jul 10 07:54 step2_process_navire.R
✅ Lancement traitement navire 5...
🔄 === TRAITEMENT NAVIRE INDIVIDUEL ===
Début: 2025-07-10 08:26:02 
✅ R configuré avec library: /home/benl/.local/R/4.2.1 
✅ Packages chargés - Configuration mono-thread activée
📋 Task ID: 5 
📋 Split Job ID: 57238377 
📊 Métadonnées chargées: 11 navires
🚢 Navire sélectionné: Queen Of The Netherlands 
📁 Fichier input: ~/scratch/ais_split_57238377/navire_05_Queen_Of_The_Netherlands.rds 
📖 Chargement données navire...
✅ Format RDS détecté et chargé
✅ Données chargées: 1028255 observations
✅ Filtre vitesse physique : 1028255 → 1027414 lignes (99.92 % conservées)
✅ Configuration chargée: ~/R_scripts/configuration/outlier_config_V6.yaml 
🔧 Paramètres IF: contamination = 0.03 | trees = 50 
🚀 Début traitement Isolation Forest...
  🌲 Début Isolation Forest...
INFO  [08:26:08.654] dataset has duplicated rows
INFO  [08:26:08.764] Building Isolation Forest ...
INFO  [08:26:19.792] done
INFO  [08:26:19.795] Computing depth of terminal nodes ...
INFO  [08:26:20.579] done
INFO  [08:26:38.577] Completed growing isolation forest
  ✅ IF terminé: 30214 outliers sur 1027414 points
🛑 Création de la colonne is_stop...
✅ Colonne is_stop créée: 664483 arrêts détectés
🔧 Création de colonnes supplémentaires...
✅ Colonnes supplémentaires créées (Annee, Course_change, Accel)
📊 RÉSULTATS NAVIRE: Queen Of The Netherlands 
  • Observations totales: 1027414 
  • Outliers détectés: 30214 ( 2.94 %)
  • Arrêts détectés: 664483 ( 64.68 %)
💾 Sauvegarde: ~/scratch/ais_results_57238881/05_Queen_Of_The_Netherlands_clean.rds 
✅ Navire Queen Of The Netherlands traité avec succès: 2025-07-10 08:27:41 
📁 Résultat: ~/scratch/ais_results_57238881/05_Queen_Of_The_Netherlands_clean.rds 
Warning messages:
1: In readLines(file, warn = readLines.warn) :
  incomplete final line found on '~/R_scripts/configuration/ship_specs.yaml'
2: In rbindlist(spec_list, fill = TRUE) :
  Column 4 ['suction_pipe_diameter_mm'] of item 11 is length 0. This (and 1 other like it) has been filled with NA (NULL for list columns) to make each item uniform.
✅ Étape 2 terminée: Thu Jul 10 08:27:41 EDT 2025
📁 Résultats sauvés dans: ~/scratch/ais_results_57238881/
