🚀 === ÉTAPE 2: TRAITEMENT NAVIRE 3 ===
Job ID: 443953_3
Node: rc32012
Début: Fri 25 Jul 2025 11:57:45 AM EDT
📦 Job fractionnement référence: 442634
✅ Répertoire de travail: /home/benl/R_scripts/pipeline_V6
✅ Vérification fichier R: -rw-r-----. 1 benl benl 10503 Jul 25 08:18 step2_process_navire.R
✅ Lancement traitement navire 3...
🔄 === TRAITEMENT NAVIRE INDIVIDUEL ===
Début: 2025-07-25 11:57:45 
✅ R configuré avec library: /home/benl/R/4.3 
✅ Package qs disponible
✅ Packages chargés - Configuration mono-thread activée
📋 Task ID: 3 
📋 Split Job ID: 442634 
📊 Métadonnées chargées: 10 navires
🚢 Navire sélectionné: Leiv Eiriksson 
📁 Fichier input: ~/scratch/ais_split_442634/navire_03_Leiv_Eiriksson.rds 
📖 Chargement données navire...
✅ Format RDS détecté et chargé
✅ Données chargées: 1197293 observations
✅ Filtre vitesse physique : 1197293 → 1197267 lignes (100.00 % conservées)
✅ Configuration chargée: ~/R_scripts/configuration/outlier_config_V6.yaml 
🔧 Paramètres IF: contamination = 0.03 | trees = 50 
🚀 Début traitement Isolation Forest...
  🌲 Début Isolation Forest...
INFO  [11:57:48.771] dataset has duplicated rows
INFO  [11:57:48.834] Building Isolation Forest ...
INFO  [11:57:54.326] done
INFO  [11:57:54.327] Computing depth of terminal nodes ...
INFO  [11:57:54.953] done
INFO  [11:58:04.388] Completed growing isolation forest
  ✅ IF terminé: 35742 outliers sur 1197267 points
🛑 Création de la colonne is_stop...
✅ Colonne is_stop créée: 809590 arrêts détectés
🔧 Création de colonnes supplémentaires...
✅ Colonnes supplémentaires créées (Annee, Course_change, Accel)
📊 RÉSULTATS NAVIRE: Leiv Eiriksson 
  • Observations totales: 1197267 
  • Outliers détectés: 35742 ( 2.99 %)
  • Arrêts détectés: 809590 ( 67.62 %)
💾 Sauvegarde: ~/scratch/ais_results_443953/03_Leiv_Eiriksson_clean.rds 
✅ Navire Leiv Eiriksson traité avec succès: 2025-07-25 11:58:37 
📁 Résultat: ~/scratch/ais_results_443953/03_Leiv_Eiriksson_clean.rds 
Warning message:
In readLines(file, warn = readLines.warn) :
  incomplete final line found on '~/R_scripts/configuration/ship_specs.yaml'
✅ Étape 2 terminée: Fri 25 Jul 2025 11:58:37 AM EDT
📁 Résultats sauvés dans: ~/scratch/ais_results_443953/
