🚀 === ÉTAPE 2: TRAITEMENT NAVIRE 10 ===
Job ID: 57238590_10
Node: bc11933
Début: Thu 10 Jul 2025 07:14:03 AM EDT
📦 Job fractionnement référence: 57238377
✅ Répertoire de travail: /home/benl/R_scripts/pipeline_V6
✅ Vérification fichier R: -rw-r-----. 1 benl benl 8055 Jun 26 11:53 step2_process_navire.R
✅ Lancement traitement navire 10...
🔄 === TRAITEMENT NAVIRE INDIVIDUEL ===
Début: 2025-07-10 07:14:05 
✅ R configuré avec library: /home/benl/.local/R/4.2.1 
✅ Packages chargés - Configuration mono-thread activée
📋 Task ID: 10 
📋 Split Job ID: 57238377 
📊 Métadonnées chargées: 11 navires
🚢 Navire sélectionné: Vox Maxima 
📁 Fichier input: ~/scratch/ais_split_57238377/navire_10_Vox_Maxima.rds 
📖 Chargement données navire...
✅ Format RDS détecté et chargé
✅ Données chargées: 573815 observations
✅ Configuration chargée: ~/R_scripts/configuration/outlier_config_V6.yaml 
🔧 Paramètres IF: contamination = 0.03 | trees = 50 
🚀 Début traitement Isolation Forest...
  🌲 Début Isolation Forest...
INFO  [07:14:11.962] dataset has duplicated rows
INFO  [07:14:12.040] Building Isolation Forest ...
INFO  [07:14:17.400] done
INFO  [07:14:17.401] Computing depth of terminal nodes ...
INFO  [07:14:22.351] done
INFO  [07:14:32.233] Completed growing isolation forest
  ✅ IF terminé: 16997 outliers sur 573815 points
🛑 Création de la colonne is_stop...
✅ Colonne is_stop créée: 441893 arrêts détectés
🔧 Création de colonnes supplémentaires...
✅ Colonnes supplémentaires créées (Annee, Course_change, Accel)
📊 RÉSULTATS NAVIRE: Vox Maxima 
  • Observations totales: 573815 
  • Outliers détectés: 16997 ( 2.96 %)
  • Arrêts détectés: 441893 ( 77.01 %)
💾 Sauvegarde: ~/scratch/ais_results_57238590/10_Vox_Maxima_clean.rds 
✅ Navire Vox Maxima traité avec succès: 2025-07-10 07:16:06 
📁 Résultat: ~/scratch/ais_results_57238590/10_Vox_Maxima_clean.rds 
Warning message:
In rm(dt_nav, if_model) : object 'if_model' not found
✅ Étape 2 terminée: Thu Jul 10 07:16:06 EDT 2025
📁 Résultats sauvés dans: ~/scratch/ais_results_57238590/
