🚀 === ÉTAPE 2: TRAITEMENT NAVIRE 5 ===
Job ID: 56502733_5
Node: bc11254
Début: Tue Jun 17 10:33:51 EDT 2025
📦 Job fractionnement référence: test_step1_final
✅ Répertoire de travail: /home/benl/R_scripts/pipeline_V6
✅ Vérification fichier R: -rw-r-----. 1 benl benl 6327 Jun 13 09:28 step2_process_navire.R
✅ Lancement traitement navire 5...
🔄 === TRAITEMENT NAVIRE INDIVIDUEL ===
Début: 2025-06-17 10:33:55 
✅ R configuré avec library: /home/benl/.local/R/4.2.1 
✅ Packages chargés - Configuration mono-thread activée
📋 Task ID: 5 
📋 Split Job ID: test_step1_final 
📊 Métadonnées chargées: 11 navires
🚢 Navire sélectionné: 
📁 Fichier input: /home/benl/scratch/test_step1_final/navire_05_Fairway.rds 
📖 Chargement données navire...
✅ Format RDS détecté et chargé
✅ Données chargées: 1057785 observations
✅ Configuration chargée: ~/R_scripts/configuration/outlier_config_V6.yaml 
🔧 Paramètres IF: contamination = 0.03 | trees = 50 
🚀 Début traitement Isolation Forest...
  🌲 Début Isolation Forest...
INFO  [10:33:59.391] dataset has duplicated rows
INFO  [10:33:59.580] Building Isolation Forest ...
INFO  [10:34:10.028] done
INFO  [10:34:10.030] Computing depth of terminal nodes ...
INFO  [10:34:11.135] done
INFO  [10:34:29.328] Completed growing isolation forest
  ✅ IF terminé: 31406 outliers sur 1057785 points
📊 RÉSULTATS NAVIRE: 
  • Observations totales: 1057785 
  • Outliers détectés: 31406 ( 2.97 %)
💾 Sauvegarde: /home/benl/scratch/test_step1_final/navire_05_Fairway_clean.rds 
✅ Navire traité avec succès: 2025-06-17 10:35:17 
📁 Résultat: /home/benl/scratch/test_step1_final/navire_05_Fairway_clean.rds 
Warning messages:
1: In readLines(con, warn = readLines.warn) :
  incomplete final line found on '~/R_scripts/configuration/outlier_config_V6.yaml'
2: In rm(dt_nav, if_model) : object 'if_model' not found
✅ Étape 2 terminée: Tue Jun 17 10:35:18 EDT 2025
📁 Résultats sauvés dans: ~/scratch/ais_results_56502733/
