🚀 === ÉTAPE 2: TRAITEMENT NAVIRE 6 ===
Job ID: 57238590_6
Node: bc12047
Début: Thu 10 Jul 2025 07:14:03 AM EDT
📦 Job fractionnement référence: 57238377
✅ Répertoire de travail: /home/benl/R_scripts/pipeline_V6
✅ Vérification fichier R: -rw-r-----. 1 benl benl 8055 Jun 26 11:53 step2_process_navire.R
✅ Lancement traitement navire 6...
🔄 === TRAITEMENT NAVIRE INDIVIDUEL ===
Début: 2025-07-10 07:14:06 
✅ R configuré avec library: /home/benl/.local/R/4.2.1 
✅ Packages chargés - Configuration mono-thread activée
📋 Task ID: 6 
📋 Split Job ID: 57238377 
📊 Métadonnées chargées: 11 navires
🚢 Navire sélectionné: Goryo 6 Ho 
📁 Fichier input: ~/scratch/ais_split_57238377/navire_06_Goryo_6_Ho.rds 
📖 Chargement données navire...
✅ Format RDS détecté et chargé
✅ Données chargées: 942182 observations
✅ Configuration chargée: ~/R_scripts/configuration/outlier_config_V6.yaml 
🔧 Paramètres IF: contamination = 0.03 | trees = 50 
🚀 Début traitement Isolation Forest...
  🌲 Début Isolation Forest...
INFO  [07:14:11.959] dataset has duplicated rows
INFO  [07:14:12.063] Building Isolation Forest ...
INFO  [07:14:20.377] done
INFO  [07:14:20.379] Computing depth of terminal nodes ...
INFO  [07:14:22.363] done
INFO  [07:14:38.089] Completed growing isolation forest
  ✅ IF terminé: 28100 outliers sur 942182 points
🛑 Création de la colonne is_stop...
✅ Colonne is_stop créée: 927540 arrêts détectés
🔧 Création de colonnes supplémentaires...
✅ Colonnes supplémentaires créées (Annee, Course_change, Accel)
📊 RÉSULTATS NAVIRE: Goryo 6 Ho 
  • Observations totales: 942182 
  • Outliers détectés: 28100 ( 2.98 %)
  • Arrêts détectés: 927540 ( 98.45 %)
💾 Sauvegarde: ~/scratch/ais_results_57238590/06_Goryo_6_Ho_clean.rds 
✅ Navire Goryo 6 Ho traité avec succès: 2025-07-10 07:16:36 
📁 Résultat: ~/scratch/ais_results_57238590/06_Goryo_6_Ho_clean.rds 
Warning message:
In rm(dt_nav, if_model) : object 'if_model' not found
✅ Étape 2 terminée: Thu Jul 10 07:16:37 EDT 2025
📁 Résultats sauvés dans: ~/scratch/ais_results_57238590/
