🚀 === ÉTAPE 2: TRAITEMENT NAVIRE 7 ===
Job ID: 57238881_7
Node: bc11238
Début: Thu 10 Jul 2025 08:26:00 AM EDT
📦 Job fractionnement référence: 57238377
✅ Répertoire de travail: /home/benl/R_scripts/pipeline_V6
✅ Vérification fichier R: -rw-r-----. 1 benl benl 10307 Jul 10 07:54 step2_process_navire.R
✅ Lancement traitement navire 7...
🔄 === TRAITEMENT NAVIRE INDIVIDUEL ===
Début: 2025-07-10 08:26:02 
✅ R configuré avec library: /home/benl/.local/R/4.2.1 
✅ Packages chargés - Configuration mono-thread activée
📋 Task ID: 7 
📋 Split Job ID: 57238377 
📊 Métadonnées chargées: 11 navires
🚢 Navire sélectionné: Cristobal Colon 
📁 Fichier input: ~/scratch/ais_split_57238377/navire_07_Cristobal_Colon.rds 
📖 Chargement données navire...
✅ Format RDS détecté et chargé
✅ Données chargées: 838311 observations
✅ Filtre vitesse physique : 838311 → 838295 lignes (100.00 % conservées)
✅ Configuration chargée: ~/R_scripts/configuration/outlier_config_V6.yaml 
🔧 Paramètres IF: contamination = 0.03 | trees = 50 
🚀 Début traitement Isolation Forest...
  🌲 Début Isolation Forest...
INFO  [08:26:08.008] dataset has duplicated rows
INFO  [08:26:08.105] Building Isolation Forest ...
INFO  [08:26:17.124] done
INFO  [08:26:17.126] Computing depth of terminal nodes ...
INFO  [08:26:18.064] done
INFO  [08:26:32.386] Completed growing isolation forest
  ✅ IF terminé: 25107 outliers sur 838295 points
🛑 Création de la colonne is_stop...
✅ Colonne is_stop créée: 597209 arrêts détectés
🔧 Création de colonnes supplémentaires...
✅ Colonnes supplémentaires créées (Annee, Course_change, Accel)
📊 RÉSULTATS NAVIRE: Cristobal Colon 
  • Observations totales: 838295 
  • Outliers détectés: 25107 ( 3 %)
  • Arrêts détectés: 597209 ( 71.24 %)
💾 Sauvegarde: ~/scratch/ais_results_57238881/07_Cristobal_Colon_clean.rds 
✅ Navire Cristobal Colon traité avec succès: 2025-07-10 08:27:19 
📁 Résultat: ~/scratch/ais_results_57238881/07_Cristobal_Colon_clean.rds 
Warning messages:
1: In readLines(file, warn = readLines.warn) :
  incomplete final line found on '~/R_scripts/configuration/ship_specs.yaml'
2: In rbindlist(spec_list, fill = TRUE) :
  Column 4 ['suction_pipe_diameter_mm'] of item 11 is length 0. This (and 1 other like it) has been filled with NA (NULL for list columns) to make each item uniform.
✅ Étape 2 terminée: Thu Jul 10 08:27:20 EDT 2025
📁 Résultats sauvés dans: ~/scratch/ais_results_57238881/
