🚀 === ÉTAPE 2: TRAITEMENT NAVIRE 1 ===
Job ID: 56500224_1
Node: bc21116
Début: Tue Jun 17 07:30:56 EDT 2025
📦 Job fractionnement référence: test_step1_final
✅ Répertoire de travail: /home/benl/R_scripts/pipeline_V6
✅ Vérification fichier R: -rw-r-----. 1 benl benl 6327 Jun 13 09:28 step2_process_navire.R
✅ Lancement traitement navire 1...
🔄 === TRAITEMENT NAVIRE INDIVIDUEL ===
Début: 2025-06-17 07:31:00 
✅ R configuré avec library: /home/benl/.local/R/4.2.1 
✅ Packages chargés - Configuration mono-thread activée
📋 Task ID: 1 
📋 Split Job ID: test_step1_final 
📊 Métadonnées chargées: 11 navires
🚢 Navire sélectionné: 
📁 Fichier input: /home/benl/scratch/test_step1_final/navire_01_Charles_Darwin.rds 
📖 Chargement données navire...
✅ Format RDS détecté et chargé
✅ Données chargées: 1434653 observations
✅ Configuration chargée: ~/R_scripts/configuration/outlier_config_V6.yaml 
🔧 Paramètres IF: contamination = 0.03 | trees = 50 
🚀 Début traitement Isolation Forest...
  🌲 Début Isolation Forest...
INFO  [07:31:08.700] dataset has duplicated rows
INFO  [07:31:08.896] Building Isolation Forest ...
INFO  [07:31:25.829] done
INFO  [07:31:25.831] Computing depth of terminal nodes ...
INFO  [07:31:33.236] done
INFO  [07:31:58.613] Completed growing isolation forest
  ✅ IF terminé: 41660 outliers sur 1434653 points
📊 RÉSULTATS NAVIRE: 
  • Observations totales: 1434653 
  • Outliers détectés: 41660 ( 2.9 %)
💾 Sauvegarde: /home/benl/scratch/test_step1_final/navire_01_Charles_Darwin_clean.rds 
✅ Navire traité avec succès: 2025-06-17 07:33:04 
📁 Résultat: /home/benl/scratch/test_step1_final/navire_01_Charles_Darwin_clean.rds 
Warning messages:
1: In readLines(con, warn = readLines.warn) :
  incomplete final line found on '~/R_scripts/configuration/outlier_config_V6.yaml'
2: In rm(dt_nav, if_model) : object 'if_model' not found
✅ Étape 2 terminée: Tue Jun 17 07:33:04 EDT 2025
📁 Résultats sauvés dans: ~/scratch/ais_results_56500224/
