🚀 === ÉTAPE 2: TRAITEMENT NAVIRE 3 ===
Job ID: 57238881_3
Node: bc11234
Début: Thu 10 Jul 2025 08:26:00 AM EDT
📦 Job fractionnement référence: 57238377
✅ Répertoire de travail: /home/benl/R_scripts/pipeline_V6
✅ Vérification fichier R: -rw-r-----. 1 benl benl 10307 Jul 10 07:54 step2_process_navire.R
✅ Lancement traitement navire 3...
🔄 === TRAITEMENT NAVIRE INDIVIDUEL ===
Début: 2025-07-10 08:26:02 
✅ R configuré avec library: /home/benl/.local/R/4.2.1 
✅ Packages chargés - Configuration mono-thread activée
📋 Task ID: 3 
📋 Split Job ID: 57238377 
📊 Métadonnées chargées: 11 navires
🚢 Navire sélectionné: Leiv Eiriksson 
📁 Fichier input: ~/scratch/ais_split_57238377/navire_03_Leiv_Eiriksson.rds 
📖 Chargement données navire...
✅ Format RDS détecté et chargé
✅ Données chargées: 1197293 observations
✅ Filtre vitesse physique : 1197293 → 1197267 lignes (100.00 % conservées)
✅ Configuration chargée: ~/R_scripts/configuration/outlier_config_V6.yaml 
🔧 Paramètres IF: contamination = 0.03 | trees = 50 
🚀 Début traitement Isolation Forest...
  🌲 Début Isolation Forest...
INFO  [08:26:13.478] dataset has duplicated rows
INFO  [08:26:13.643] Building Isolation Forest ...
INFO  [08:26:29.064] done
INFO  [08:26:29.066] Computing depth of terminal nodes ...
INFO  [08:26:29.895] done
INFO  [08:26:50.992] Completed growing isolation forest
  ✅ IF terminé: 35585 outliers sur 1197267 points
🛑 Création de la colonne is_stop...
✅ Colonne is_stop créée: 809590 arrêts détectés
🔧 Création de colonnes supplémentaires...
✅ Colonnes supplémentaires créées (Annee, Course_change, Accel)
📊 RÉSULTATS NAVIRE: Leiv Eiriksson 
  • Observations totales: 1197267 
  • Outliers détectés: 35585 ( 2.97 %)
  • Arrêts détectés: 809590 ( 67.62 %)
💾 Sauvegarde: ~/scratch/ais_results_57238881/03_Leiv_Eiriksson_clean.rds 
✅ Navire Leiv Eiriksson traité avec succès: 2025-07-10 08:28:05 
📁 Résultat: ~/scratch/ais_results_57238881/03_Leiv_Eiriksson_clean.rds 
Warning messages:
1: In readLines(file, warn = readLines.warn) :
  incomplete final line found on '~/R_scripts/configuration/ship_specs.yaml'
2: In rbindlist(spec_list, fill = TRUE) :
  Column 4 ['suction_pipe_diameter_mm'] of item 11 is length 0. This (and 1 other like it) has been filled with NA (NULL for list columns) to make each item uniform.
✅ Étape 2 terminée: Thu Jul 10 08:28:05 EDT 2025
📁 Résultats sauvés dans: ~/scratch/ais_results_57238881/
