🚀 === ÉTAPE 2: TRAITEMENT NAVIRE 8 ===
Job ID: 56779162_8
Node: bc11238
Début: Thu 26 Jun 2025 12:09:19 PM EDT
📦 Job fractionnement référence: 56777970
✅ Répertoire de travail: /home/benl/R_scripts/pipeline_V6
✅ Vérification fichier R: -rw-r-----. 1 benl benl 8055 Jun 26 11:53 step2_process_navire.R
✅ Lancement traitement navire 8...
🔄 === TRAITEMENT NAVIRE INDIVIDUEL ===
Début: 2025-06-26 12:09:21 
✅ R configuré avec library: /home/benl/.local/R/4.2.1 
✅ Packages chargés - Configuration mono-thread activée
📋 Task ID: 8 
📋 Split Job ID: 56777970 
📊 Métadonnées chargées: 11 navires
🚢 Navire sélectionné: Congo River 
📁 Fichier input: ~/scratch/ais_split_56777970/navire_08_Congo_River.rds 
📖 Chargement données navire...
✅ Format RDS détecté et chargé
✅ Données chargées: 832988 observations
✅ Configuration chargée: ~/R_scripts/configuration/outlier_config_V6.yaml 
🔧 Paramètres IF: contamination = 0.03 | trees = 50 
🚀 Début traitement Isolation Forest...
  🌲 Début Isolation Forest...
INFO  [12:09:25.367] dataset has duplicated rows
INFO  [12:09:25.472] Building Isolation Forest ...
INFO  [12:09:31.938] done
INFO  [12:09:31.941] Computing depth of terminal nodes ...
INFO  [12:09:33.024] done
INFO  [12:09:47.182] Completed growing isolation forest
  ✅ IF terminé: 24983 outliers sur 832988 points
🛑 Création de la colonne is_stop...
✅ Colonne is_stop créée: 461118 arrêts détectés
🔧 Création de colonnes supplémentaires...
✅ Colonnes supplémentaires créées (Annee, Course_change, Accel)
📊 RÉSULTATS NAVIRE: Congo River 
  • Observations totales: 832988 
  • Outliers détectés: 24983 ( 3 %)
  • Arrêts détectés: 461118 ( 55.36 %)
💾 Sauvegarde: ~/scratch/ais_results_56779162/08_Congo_River_clean.rds 
✅ Navire Congo River traité avec succès: 2025-06-26 12:10:37 
📁 Résultat: ~/scratch/ais_results_56779162/08_Congo_River_clean.rds 
Warning message:
In rm(dt_nav, if_model) : object 'if_model' not found
✅ Étape 2 terminée: Thu Jun 26 12:10:37 EDT 2025
📁 Résultats sauvés dans: ~/scratch/ais_results_56779162/
