🚀 === ÉTAPE 2: TRAITEMENT NAVIRE 4 ===
Job ID: 443953_4
Node: rc32012
Début: Fri 25 Jul 2025 11:57:45 AM EDT
📦 Job fractionnement référence: 442634
✅ Répertoire de travail: /home/benl/R_scripts/pipeline_V6
✅ Vérification fichier R: -rw-r-----. 1 benl benl 10503 Jul 25 08:18 step2_process_navire.R
✅ Lancement traitement navire 4...
🔄 === TRAITEMENT NAVIRE INDIVIDUEL ===
Début: 2025-07-25 11:57:45 
✅ R configuré avec library: /home/benl/R/4.3 
✅ Package qs disponible
✅ Packages chargés - Configuration mono-thread activée
📋 Task ID: 4 
📋 Split Job ID: 442634 
📊 Métadonnées chargées: 10 navires
🚢 Navire sélectionné: Vasco Da Gama 
📁 Fichier input: ~/scratch/ais_split_442634/navire_04_Vasco_Da_Gama.rds 
📖 Chargement données navire...
✅ Format RDS détecté et chargé
✅ Données chargées: 1066368 observations
Error in vecseq(f__, len__, if (allow.cartesian || notjoin || !anyDuplicated(f__,  : 
  Join results in 2132736 rows; more than 1066379 = nrow(x)+nrow(i). Check for duplicate key values in i each of which join to the same group in x over and over again. If that's ok, try by=.EACHI to run j for each group to avoid the large allocation. If you are sure you wish to proceed, rerun with allow.cartesian=TRUE. Otherwise, please search for this error message in the FAQ, Wiki, Stack Overflow and data.table issue tracker for advice.
Calls: source ... merge -> merge.data.table -> [ -> [.data.table -> vecseq
In addition: Warning message:
In readLines(file, warn = readLines.warn) :
  incomplete final line found on '~/R_scripts/configuration/ship_specs.yaml'
Execution halted
✅ Étape 2 terminée: Fri 25 Jul 2025 11:57:47 AM EDT
📁 Résultats sauvés dans: ~/scratch/ais_results_443953/
