🚀 === ÉTAPE 2: TRAITEMENT NAVIRE 6 ===
Job ID: 56668330_6
Node: bc11223
Début: Mon Jun 23 06:05:16 EDT 2025
📦 Job fractionnement référence: 20250623055849
✅ Répertoire de travail: /home/benl/R_scripts/pipeline_V6
✅ Vérification fichier R: -rw-r-----. 1 benl benl 6327 Jun 13 09:28 step2_process_navire.R
✅ Lancement traitement navire 6...
🔄 === TRAITEMENT NAVIRE INDIVIDUEL ===
Début: 2025-06-23 06:05:19 
✅ R configuré avec library: /home/benl/.local/R/4.2.1 
✅ Packages chargés - Configuration mono-thread activée
📋 Task ID: 6 
📋 Split Job ID: 20250623055849 
📊 Métadonnées chargées: 11 navires
🚢 Navire sélectionné: 
📁 Fichier input: ~/scratch/ais_split_20250623055849/navire_06_Goryo_6_Ho.rds 
📖 Chargement données navire...
✅ Format RDS détecté et chargé
✅ Données chargées: 954488 observations
✅ Configuration chargée: ~/R_scripts/configuration/outlier_config_V6.yaml 
🔧 Paramètres IF: contamination = 0.03 | trees = 50 
🚀 Début traitement Isolation Forest...
  🌲 Début Isolation Forest...
INFO  [06:05:31.999] dataset has duplicated rows
INFO  [06:05:32.131] Building Isolation Forest ...
INFO  [06:05:44.469] done
INFO  [06:05:44.472] Computing depth of terminal nodes ...
INFO  [06:05:51.015] done
INFO  [06:06:09.003] Completed growing isolation forest
  ✅ IF terminé: 27417 outliers sur 954488 points
📊 RÉSULTATS NAVIRE: 
  • Observations totales: 954488 
  • Outliers détectés: 27417 ( 2.87 %)
💾 Sauvegarde: ~/scratch/ais_split_20250623055849/navire_06_Goryo_6_Ho_clean.rds 
✅ Navire traité avec succès: 2025-06-23 06:06:55 
📁 Résultat: ~/scratch/ais_split_20250623055849/navire_06_Goryo_6_Ho_clean.rds 
Warning message:
In rm(dt_nav, if_model) : object 'if_model' not found
✅ Étape 2 terminée: Mon Jun 23 06:06:55 EDT 2025
📁 Résultats sauvés dans: ~/scratch/ais_results_56668330/
