🚀 === ÉTAPE 2: TRAITEMENT NAVIRE 3 ===
Job ID: 56500224_3
Node: bc12260
Début: Tue Jun 17 07:34:13 EDT 2025
📦 Job fractionnement référence: test_step1_final
✅ Répertoire de travail: /home/benl/R_scripts/pipeline_V6
✅ Vérification fichier R: -rw-r-----. 1 benl benl 6327 Jun 13 09:28 step2_process_navire.R
✅ Lancement traitement navire 3...
🔄 === TRAITEMENT NAVIRE INDIVIDUEL ===
Début: 2025-06-17 07:34:17 
✅ R configuré avec library: /home/benl/.local/R/4.2.1 
✅ Packages chargés - Configuration mono-thread activée
📋 Task ID: 3 
📋 Split Job ID: test_step1_final 
📊 Métadonnées chargées: 11 navires
🚢 Navire sélectionné: 
📁 Fichier input: /home/benl/scratch/test_step1_final/navire_03_Leiv_Eiriksson.rds 
📖 Chargement données navire...
✅ Format RDS détecté et chargé
✅ Données chargées: 1222900 observations
✅ Configuration chargée: ~/R_scripts/configuration/outlier_config_V6.yaml 
🔧 Paramètres IF: contamination = 0.03 | trees = 50 
🚀 Début traitement Isolation Forest...
  🌲 Début Isolation Forest...
INFO  [07:34:21.106] dataset has duplicated rows
INFO  [07:34:21.241] Building Isolation Forest ...
INFO  [07:34:31.091] done
INFO  [07:34:31.094] Computing depth of terminal nodes ...
INFO  [07:34:31.897] done
INFO  [07:34:51.918] Completed growing isolation forest
  ✅ IF terminé: 35338 outliers sur 1222900 points
📊 RÉSULTATS NAVIRE: 
  • Observations totales: 1222900 
  • Outliers détectés: 35338 ( 2.89 %)
💾 Sauvegarde: /home/benl/scratch/test_step1_final/navire_03_Leiv_Eiriksson_clean.rds 
✅ Navire traité avec succès: 2025-06-17 07:35:42 
📁 Résultat: /home/benl/scratch/test_step1_final/navire_03_Leiv_Eiriksson_clean.rds 
Warning messages:
1: In readLines(con, warn = readLines.warn) :
  incomplete final line found on '~/R_scripts/configuration/outlier_config_V6.yaml'
2: In rm(dt_nav, if_model) : object 'if_model' not found
✅ Étape 2 terminée: Tue Jun 17 07:35:42 EDT 2025
📁 Résultats sauvés dans: ~/scratch/ais_results_56500224/
