🚀 Lancement Step 5 merge OPTIMISÉ avec SLURM
📁 Répertoire : /home/benl/R_scripts/pipeline_V6
💾 Mémoire : 32GB (optimisée)
⏱️  Temps max : 6h
🎯 Scénario : default
🔧 Version : optimisée (gestion mémoire GeoTIFF)
📊 Génération GeoTIFF désactivée (par défaut)
✅ sf OK
✅ dplyr OK
✅ data.table OK
✅ tidyr OK
✅ rlang OK
✅ tidyselect OK
✅ lubridate OK
✅ yaml OK
🔧 Fusion finale - Scenario : default 
🔧  Paramètres f_i :
   - alpha_dep         : 0.25
   - fast_fraction     : 0.3
   - slow_k            : 0.05
   - preserv_factor    : 0.87
✅ Tous les paramètres sont valides

🔄 Fusion des résultats des tuiles...
📁 Fichiers trouvés : 648 (Parquet: 648 RDS: 0 )
   Chargement : sar_001.parquet 
   Chargement : sar_002.parquet 
   Chargement : sar_003.parquet 
   Chargement : sar_004.parquet 
   Chargement : sar_005.parquet 
   Chargement : sar_006.parquet 
   Chargement : sar_007.parquet 
   Chargement : sar_008.parquet 
   Chargement : sar_009.parquet 
   Chargement : sar_010.parquet 
   Chargement : sar_011.parquet 
   Chargement : sar_012.parquet 
   Chargement : sar_013.parquet 
   Chargement : sar_014.parquet 
   Chargement : sar_015.parquet 
   Chargement : sar_016.parquet 
   Chargement : sar_017.parquet 
   Chargement : sar_018.parquet 
   Chargement : sar_019.parquet 
   Chargement : sar_020.parquet 
   Chargement : sar_021.parquet 
   Chargement : sar_022.parquet 
   Chargement : sar_023.parquet 
   Chargement : sar_024.parquet 
   Chargement : sar_025.parquet 
   Chargement : sar_026.parquet 
   Chargement : sar_027.parquet 
   Chargement : sar_028.parquet 
   Chargement : sar_029.parquet 
   Chargement : sar_030.parquet 
   Chargement : sar_031.parquet 
   Chargement : sar_032.parquet 
   Chargement : sar_033.parquet 
   Chargement : sar_034.parquet 
   Chargement : sar_035.parquet 
   Chargement : sar_036.parquet 
   Chargement : sar_037.parquet 
   Chargement : sar_038.parquet 
   Chargement : sar_039.parquet 
   Chargement : sar_040.parquet 
   Chargement : sar_041.parquet 
   Chargement : sar_042.parquet 
   Chargement : sar_043.parquet 
   Chargement : sar_044.parquet 
   Chargement : sar_045.parquet 
   Chargement : sar_046.parquet 
   Chargement : sar_047.parquet 
   Chargement : sar_048.parquet 
   Chargement : sar_049.parquet 
   Chargement : sar_050.parquet 
   Chargement : sar_051.parquet 
   Chargement : sar_052.parquet 
   Chargement : sar_053.parquet 
   Chargement : sar_054.parquet 
   Chargement : sar_055.parquet 
   Chargement : sar_056.parquet 
   Chargement : sar_057.parquet 
   Chargement : sar_058.parquet 
   Chargement : sar_059.parquet 
   Chargement : sar_060.parquet 
   Chargement : sar_061.parquet 
   Chargement : sar_062.parquet 
   Chargement : sar_063.parquet 
   Chargement : sar_064.parquet 
   Chargement : sar_065.parquet 
   Chargement : sar_066.parquet 
   Chargement : sar_067.parquet 
   Chargement : sar_068.parquet 
   Chargement : sar_069.parquet 
   Chargement : sar_070.parquet 
   Chargement : sar_071.parquet 
   Chargement : sar_072.parquet 
   Chargement : sar_073.parquet 
   Chargement : sar_074.parquet 
   Chargement : sar_075.parquet 
   Chargement : sar_076.parquet 
   Chargement : sar_077.parquet 
   Chargement : sar_078.parquet 
   Chargement : sar_079.parquet 
   Chargement : sar_080.parquet 
   Chargement : sar_081.parquet 
   Chargement : sar_082.parquet 
   Chargement : sar_083.parquet 
   Chargement : sar_084.parquet 
   Chargement : sar_085.parquet 
   Chargement : sar_086.parquet 
   Chargement : sar_087.parquet 
   Chargement : sar_088.parquet 
   Chargement : sar_089.parquet 
   Chargement : sar_090.parquet 
   Chargement : sar_091.parquet 
   Chargement : sar_092.parquet 
   Chargement : sar_093.parquet 
   Chargement : sar_094.parquet 
   Chargement : sar_095.parquet 
   Chargement : sar_096.parquet 
   Chargement : sar_097.parquet 
   Chargement : sar_098.parquet 
   Chargement : sar_099.parquet 
   Chargement : sar_100.parquet 
   Chargement : sar_101.parquet 
   Chargement : sar_102.parquet 
   Chargement : sar_103.parquet 
   Chargement : sar_104.parquet 
   Chargement : sar_105.parquet 
   Chargement : sar_106.parquet 
   Chargement : sar_107.parquet 
   Chargement : sar_108.parquet 
   Chargement : sar_109.parquet 
   Chargement : sar_110.parquet 
   Chargement : sar_111.parquet 
   Chargement : sar_112.parquet 
   Chargement : sar_113.parquet 
   Chargement : sar_114.parquet 
   Chargement : sar_115.parquet 
   Chargement : sar_116.parquet 
   Chargement : sar_117.parquet 
   Chargement : sar_118.parquet 
   Chargement : sar_119.parquet 
   Chargement : sar_120.parquet 
   Chargement : sar_121.parquet 
   Chargement : sar_122.parquet 
   Chargement : sar_123.parquet 
   Chargement : sar_124.parquet 
   Chargement : sar_125.parquet 
   Chargement : sar_126.parquet 
   Chargement : sar_127.parquet 
   Chargement : sar_128.parquet 
   Chargement : sar_129.parquet 
   Chargement : sar_130.parquet 
   Chargement : sar_131.parquet 
   Chargement : sar_132.parquet 
   Chargement : sar_133.parquet 
   Chargement : sar_134.parquet 
   Chargement : sar_135.parquet 
   Chargement : sar_136.parquet 
   Chargement : sar_137.parquet 
   Chargement : sar_138.parquet 
   Chargement : sar_139.parquet 
   Chargement : sar_140.parquet 
   Chargement : sar_141.parquet 
   Chargement : sar_142.parquet 
   Chargement : sar_143.parquet 
   Chargement : sar_144.parquet 
   Chargement : sar_145.parquet 
   Chargement : sar_146.parquet 
   Chargement : sar_147.parquet 
   Chargement : sar_148.parquet 
   Chargement : sar_149.parquet 
   Chargement : sar_150.parquet 
   Chargement : sar_151.parquet 
   Chargement : sar_152.parquet 
   Chargement : sar_153.parquet 
   Chargement : sar_154.parquet 
   Chargement : sar_155.parquet 
   Chargement : sar_156.parquet 
   Chargement : sar_157.parquet 
   Chargement : sar_158.parquet 
   Chargement : sar_159.parquet 
   Chargement : sar_160.parquet 
   Chargement : sar_161.parquet 
   Chargement : sar_162.parquet 
   Chargement : sar_163.parquet 
   Chargement : sar_164.parquet 
   Chargement : sar_165.parquet 
   Chargement : sar_166.parquet 
   Chargement : sar_167.parquet 
   Chargement : sar_168.parquet 
   Chargement : sar_169.parquet 
   Chargement : sar_170.parquet 
   Chargement : sar_171.parquet 
   Chargement : sar_172.parquet 
   Chargement : sar_173.parquet 
   Chargement : sar_174.parquet 
   Chargement : sar_175.parquet 
   Chargement : sar_176.parquet 
   Chargement : sar_177.parquet 
   Chargement : sar_178.parquet 
   Chargement : sar_179.parquet 
   Chargement : sar_180.parquet 
   Chargement : sar_181.parquet 
   Chargement : sar_182.parquet 
   Chargement : sar_183.parquet 
   Chargement : sar_184.parquet 
   Chargement : sar_185.parquet 
   Chargement : sar_186.parquet 
   Chargement : sar_187.parquet 
   Chargement : sar_188.parquet 
   Chargement : sar_189.parquet 
   Chargement : sar_190.parquet 
   Chargement : sar_191.parquet 
   Chargement : sar_192.parquet 
   Chargement : sar_193.parquet 
   Chargement : sar_194.parquet 
   Chargement : sar_195.parquet 
   Chargement : sar_196.parquet 
   Chargement : sar_197.parquet 
   Chargement : sar_198.parquet 
   Chargement : sar_199.parquet 
   Chargement : sar_200.parquet 
   Chargement : sar_201.parquet 
   Chargement : sar_202.parquet 
   Chargement : sar_203.parquet 
   Chargement : sar_204.parquet 
   Chargement : sar_205.parquet 
   Chargement : sar_206.parquet 
   Chargement : sar_207.parquet 
   Chargement : sar_208.parquet 
   Chargement : sar_209.parquet 
   Chargement : sar_210.parquet 
   Chargement : sar_211.parquet 
   Chargement : sar_212.parquet 
   Chargement : sar_213.parquet 
   Chargement : sar_214.parquet 
   Chargement : sar_215.parquet 
   Chargement : sar_216.parquet 
   Chargement : sar_217.parquet 
   Chargement : sar_218.parquet 
   Chargement : sar_219.parquet 
   Chargement : sar_220.parquet 
   Chargement : sar_221.parquet 
   Chargement : sar_222.parquet 
   Chargement : sar_223.parquet 
   Chargement : sar_224.parquet 
   Chargement : sar_225.parquet 
   Chargement : sar_226.parquet 
   Chargement : sar_227.parquet 
   Chargement : sar_228.parquet 
   Chargement : sar_229.parquet 
   Chargement : sar_230.parquet 
   Chargement : sar_231.parquet 
   Chargement : sar_232.parquet 
   Chargement : sar_233.parquet 
   Chargement : sar_234.parquet 
   Chargement : sar_235.parquet 
   Chargement : sar_236.parquet 
   Chargement : sar_237.parquet 
   Chargement : sar_238.parquet 
   Chargement : sar_239.parquet 
   Chargement : sar_240.parquet 
   Chargement : sar_241.parquet 
   Chargement : sar_242.parquet 
   Chargement : sar_243.parquet 
   Chargement : sar_244.parquet 
   Chargement : sar_245.parquet 
   Chargement : sar_246.parquet 
   Chargement : sar_247.parquet 
   Chargement : sar_248.parquet 
   Chargement : sar_249.parquet 
   Chargement : sar_250.parquet 
   Chargement : sar_251.parquet 
   Chargement : sar_252.parquet 
   Chargement : sar_253.parquet 
   Chargement : sar_254.parquet 
   Chargement : sar_255.parquet 
   Chargement : sar_256.parquet 
   Chargement : sar_257.parquet 
   Chargement : sar_258.parquet 
   Chargement : sar_259.parquet 
   Chargement : sar_260.parquet 
   Chargement : sar_261.parquet 
   Chargement : sar_262.parquet 
   Chargement : sar_263.parquet 
   Chargement : sar_264.parquet 
   Chargement : sar_265.parquet 
   Chargement : sar_266.parquet 
   Chargement : sar_267.parquet 
   Chargement : sar_268.parquet 
   Chargement : sar_269.parquet 
   Chargement : sar_270.parquet 
   Chargement : sar_271.parquet 
   Chargement : sar_272.parquet 
   Chargement : sar_273.parquet 
   Chargement : sar_274.parquet 
   Chargement : sar_275.parquet 
   Chargement : sar_276.parquet 
   Chargement : sar_277.parquet 
   Chargement : sar_278.parquet 
   Chargement : sar_279.parquet 
   Chargement : sar_280.parquet 
   Chargement : sar_281.parquet 
   Chargement : sar_282.parquet 
   Chargement : sar_283.parquet 
   Chargement : sar_284.parquet 
   Chargement : sar_285.parquet 
   Chargement : sar_286.parquet 
   Chargement : sar_287.parquet 
   Chargement : sar_288.parquet 
   Chargement : sar_289.parquet 
   Chargement : sar_290.parquet 
   Chargement : sar_291.parquet 
   Chargement : sar_292.parquet 
   Chargement : sar_293.parquet 
   Chargement : sar_294.parquet 
   Chargement : sar_295.parquet 
   Chargement : sar_296.parquet 
   Chargement : sar_297.parquet 
   Chargement : sar_298.parquet 
   Chargement : sar_299.parquet 
   Chargement : sar_300.parquet 
   Chargement : sar_301.parquet 
   Chargement : sar_302.parquet 
   Chargement : sar_303.parquet 
   Chargement : sar_304.parquet 
   Chargement : sar_305.parquet 
   Chargement : sar_306.parquet 
   Chargement : sar_307.parquet 
   Chargement : sar_308.parquet 
   Chargement : sar_309.parquet 
   Chargement : sar_310.parquet 
   Chargement : sar_311.parquet 
   Chargement : sar_312.parquet 
   Chargement : sar_313.parquet 
   Chargement : sar_314.parquet 
   Chargement : sar_315.parquet 
   Chargement : sar_316.parquet 
   Chargement : sar_317.parquet 
   Chargement : sar_318.parquet 
   Chargement : sar_319.parquet 
   Chargement : sar_320.parquet 
   Chargement : sar_321.parquet 
   Chargement : sar_322.parquet 
   Chargement : sar_323.parquet 
   Chargement : sar_324.parquet 
   Chargement : sar_325.parquet 
   Chargement : sar_326.parquet 
   Chargement : sar_327.parquet 
   Chargement : sar_328.parquet 
   Chargement : sar_329.parquet 
   Chargement : sar_330.parquet 
   Chargement : sar_331.parquet 
   Chargement : sar_332.parquet 
   Chargement : sar_333.parquet 
   Chargement : sar_334.parquet 
   Chargement : sar_335.parquet 
   Chargement : sar_336.parquet 
   Chargement : sar_337.parquet 
   Chargement : sar_338.parquet 
   Chargement : sar_339.parquet 
   Chargement : sar_340.parquet 
   Chargement : sar_341.parquet 
   Chargement : sar_342.parquet 
   Chargement : sar_343.parquet 
   Chargement : sar_344.parquet 
   Chargement : sar_345.parquet 
   Chargement : sar_346.parquet 
   Chargement : sar_347.parquet 
   Chargement : sar_348.parquet 
   Chargement : sar_349.parquet 
   Chargement : sar_350.parquet 
   Chargement : sar_351.parquet 
   Chargement : sar_352.parquet 
   Chargement : sar_353.parquet 
   Chargement : sar_354.parquet 
   Chargement : sar_355.parquet 
   Chargement : sar_356.parquet 
   Chargement : sar_357.parquet 
   Chargement : sar_358.parquet 
   Chargement : sar_359.parquet 
   Chargement : sar_360.parquet 
   Chargement : sar_361.parquet 
   Chargement : sar_362.parquet 
   Chargement : sar_363.parquet 
   Chargement : sar_364.parquet 
   Chargement : sar_365.parquet 
   Chargement : sar_366.parquet 
   Chargement : sar_367.parquet 
   Chargement : sar_368.parquet 
   Chargement : sar_369.parquet 
   Chargement : sar_370.parquet 
   Chargement : sar_371.parquet 
   Chargement : sar_372.parquet 
   Chargement : sar_373.parquet 
   Chargement : sar_374.parquet 
   Chargement : sar_375.parquet 
   Chargement : sar_376.parquet 
   Chargement : sar_377.parquet 
   Chargement : sar_378.parquet 
   Chargement : sar_379.parquet 
   Chargement : sar_380.parquet 
   Chargement : sar_381.parquet 
   Chargement : sar_382.parquet 
   Chargement : sar_383.parquet 
   Chargement : sar_384.parquet 
   Chargement : sar_385.parquet 
   Chargement : sar_386.parquet 
   Chargement : sar_387.parquet 
   Chargement : sar_388.parquet 
   Chargement : sar_389.parquet 
   Chargement : sar_390.parquet 
   Chargement : sar_391.parquet 
   Chargement : sar_392.parquet 
   Chargement : sar_393.parquet 
   Chargement : sar_394.parquet 
   Chargement : sar_395.parquet 
   Chargement : sar_396.parquet 
   Chargement : sar_397.parquet 
   Chargement : sar_398.parquet 
   Chargement : sar_399.parquet 
   Chargement : sar_400.parquet 
   Chargement : sar_401.parquet 
   Chargement : sar_402.parquet 
   Chargement : sar_403.parquet 
   Chargement : sar_404.parquet 
   Chargement : sar_405.parquet 
   Chargement : sar_406.parquet 
   Chargement : sar_407.parquet 
   Chargement : sar_408.parquet 
   Chargement : sar_409.parquet 
   Chargement : sar_410.parquet 
   Chargement : sar_411.parquet 
   Chargement : sar_412.parquet 
   Chargement : sar_413.parquet 
   Chargement : sar_414.parquet 
   Chargement : sar_415.parquet 
   Chargement : sar_416.parquet 
   Chargement : sar_417.parquet 
   Chargement : sar_418.parquet 
   Chargement : sar_419.parquet 
   Chargement : sar_420.parquet 
   Chargement : sar_421.parquet 
   Chargement : sar_422.parquet 
   Chargement : sar_423.parquet 
   Chargement : sar_424.parquet 
   Chargement : sar_425.parquet 
   Chargement : sar_426.parquet 
   Chargement : sar_427.parquet 
   Chargement : sar_428.parquet 
   Chargement : sar_429.parquet 
   Chargement : sar_430.parquet 
   Chargement : sar_431.parquet 
   Chargement : sar_432.parquet 
   Chargement : sar_433.parquet 
   Chargement : sar_434.parquet 
   Chargement : sar_435.parquet 
   Chargement : sar_436.parquet 
   Chargement : sar_437.parquet 
   Chargement : sar_438.parquet 
   Chargement : sar_439.parquet 
   Chargement : sar_440.parquet 
   Chargement : sar_441.parquet 
   Chargement : sar_442.parquet 
   Chargement : sar_443.parquet 
   Chargement : sar_444.parquet 
   Chargement : sar_445.parquet 
   Chargement : sar_446.parquet 
   Chargement : sar_447.parquet 
   Chargement : sar_448.parquet 
   Chargement : sar_449.parquet 
   Chargement : sar_450.parquet 
   Chargement : sar_451.parquet 
   Chargement : sar_452.parquet 
   Chargement : sar_453.parquet 
   Chargement : sar_454.parquet 
   Chargement : sar_455.parquet 
   Chargement : sar_456.parquet 
   Chargement : sar_457.parquet 
   Chargement : sar_458.parquet 
   Chargement : sar_459.parquet 
   Chargement : sar_460.parquet 
   Chargement : sar_461.parquet 
   Chargement : sar_462.parquet 
   Chargement : sar_463.parquet 
   Chargement : sar_464.parquet 
   Chargement : sar_465.parquet 
   Chargement : sar_466.parquet 
   Chargement : sar_467.parquet 
   Chargement : sar_468.parquet 
   Chargement : sar_469.parquet 
   Chargement : sar_470.parquet 
   Chargement : sar_471.parquet 
   Chargement : sar_472.parquet 
   Chargement : sar_473.parquet 
   Chargement : sar_474.parquet 
   Chargement : sar_475.parquet 
   Chargement : sar_476.parquet 
   Chargement : sar_477.parquet 
   Chargement : sar_478.parquet 
   Chargement : sar_479.parquet 
   Chargement : sar_480.parquet 
   Chargement : sar_481.parquet 
   Chargement : sar_482.parquet 
   Chargement : sar_483.parquet 
   Chargement : sar_484.parquet 
   Chargement : sar_485.parquet 
   Chargement : sar_486.parquet 
   Chargement : sar_487.parquet 
   Chargement : sar_488.parquet 
   Chargement : sar_489.parquet 
   Chargement : sar_490.parquet 
   Chargement : sar_491.parquet 
   Chargement : sar_492.parquet 
   Chargement : sar_493.parquet 
   Chargement : sar_494.parquet 
   Chargement : sar_495.parquet 
   Chargement : sar_496.parquet 
   Chargement : sar_497.parquet 
   Chargement : sar_498.parquet 
   Chargement : sar_499.parquet 
   Chargement : sar_500.parquet 
   Chargement : sar_501.parquet 
   Chargement : sar_502.parquet 
   Chargement : sar_503.parquet 
   Chargement : sar_504.parquet 
   Chargement : sar_505.parquet 
   Chargement : sar_506.parquet 
   Chargement : sar_507.parquet 
   Chargement : sar_508.parquet 
   Chargement : sar_509.parquet 
   Chargement : sar_510.parquet 
   Chargement : sar_511.parquet 
   Chargement : sar_512.parquet 
   Chargement : sar_513.parquet 
   Chargement : sar_514.parquet 
   Chargement : sar_515.parquet 
   Chargement : sar_516.parquet 
   Chargement : sar_517.parquet 
   Chargement : sar_518.parquet 
   Chargement : sar_519.parquet 
   Chargement : sar_520.parquet 
   Chargement : sar_521.parquet 
   Chargement : sar_522.parquet 
   Chargement : sar_523.parquet 
   Chargement : sar_524.parquet 
   Chargement : sar_525.parquet 
   Chargement : sar_526.parquet 
   Chargement : sar_527.parquet 
   Chargement : sar_528.parquet 
   Chargement : sar_529.parquet 
   Chargement : sar_530.parquet 
   Chargement : sar_531.parquet 
   Chargement : sar_532.parquet 
   Chargement : sar_533.parquet 
   Chargement : sar_534.parquet 
   Chargement : sar_535.parquet 
   Chargement : sar_536.parquet 
   Chargement : sar_537.parquet 
   Chargement : sar_538.parquet 
   Chargement : sar_539.parquet 
   Chargement : sar_540.parquet 
   Chargement : sar_541.parquet 
   Chargement : sar_542.parquet 
   Chargement : sar_543.parquet 
   Chargement : sar_544.parquet 
   Chargement : sar_545.parquet 
   Chargement : sar_546.parquet 
   Chargement : sar_547.parquet 
   Chargement : sar_548.parquet 
   Chargement : sar_549.parquet 
   Chargement : sar_550.parquet 
   Chargement : sar_551.parquet 
   Chargement : sar_552.parquet 
   Chargement : sar_553.parquet 
   Chargement : sar_554.parquet 
   Chargement : sar_555.parquet 
   Chargement : sar_556.parquet 
   Chargement : sar_557.parquet 
   Chargement : sar_558.parquet 
   Chargement : sar_559.parquet 
   Chargement : sar_560.parquet 
   Chargement : sar_561.parquet 
   Chargement : sar_562.parquet 
   Chargement : sar_563.parquet 
   Chargement : sar_564.parquet 
   Chargement : sar_565.parquet 
   Chargement : sar_566.parquet 
   Chargement : sar_567.parquet 
   Chargement : sar_568.parquet 
   Chargement : sar_569.parquet 
   Chargement : sar_570.parquet 
   Chargement : sar_571.parquet 
   Chargement : sar_572.parquet 
   Chargement : sar_573.parquet 
   Chargement : sar_574.parquet 
   Chargement : sar_575.parquet 
   Chargement : sar_576.parquet 
   Chargement : sar_577.parquet 
   Chargement : sar_578.parquet 
   Chargement : sar_579.parquet 
   Chargement : sar_580.parquet 
   Chargement : sar_581.parquet 
   Chargement : sar_582.parquet 
   Chargement : sar_583.parquet 
   Chargement : sar_584.parquet 
   Chargement : sar_585.parquet 
   Chargement : sar_586.parquet 
   Chargement : sar_587.parquet 
   Chargement : sar_588.parquet 
   Chargement : sar_589.parquet 
   Chargement : sar_590.parquet 
   Chargement : sar_591.parquet 
   Chargement : sar_592.parquet 
   Chargement : sar_593.parquet 
   Chargement : sar_594.parquet 
   Chargement : sar_595.parquet 
   Chargement : sar_596.parquet 
   Chargement : sar_597.parquet 
   Chargement : sar_598.parquet 
   Chargement : sar_599.parquet 
   Chargement : sar_600.parquet 
   Chargement : sar_601.parquet 
   Chargement : sar_602.parquet 
   Chargement : sar_603.parquet 
   Chargement : sar_604.parquet 
   Chargement : sar_605.parquet 
   Chargement : sar_606.parquet 
   Chargement : sar_607.parquet 
   Chargement : sar_608.parquet 
   Chargement : sar_609.parquet 
   Chargement : sar_610.parquet 
   Chargement : sar_611.parquet 
   Chargement : sar_612.parquet 
   Chargement : sar_613.parquet 
   Chargement : sar_614.parquet 
   Chargement : sar_615.parquet 
   Chargement : sar_616.parquet 
   Chargement : sar_617.parquet 
   Chargement : sar_618.parquet 
   Chargement : sar_619.parquet 
   Chargement : sar_620.parquet 
   Chargement : sar_621.parquet 
   Chargement : sar_622.parquet 
   Chargement : sar_623.parquet 
   Chargement : sar_624.parquet 
   Chargement : sar_625.parquet 
   Chargement : sar_626.parquet 
   Chargement : sar_627.parquet 
   Chargement : sar_628.parquet 
   Chargement : sar_629.parquet 
   Chargement : sar_630.parquet 
   Chargement : sar_631.parquet 
   Chargement : sar_632.parquet 
   Chargement : sar_633.parquet 
   Chargement : sar_634.parquet 
   Chargement : sar_635.parquet 
   Chargement : sar_636.parquet 
   Chargement : sar_637.parquet 
   Chargement : sar_638.parquet 
   Chargement : sar_639.parquet 
   Chargement : sar_640.parquet 
   Chargement : sar_641.parquet 
   Chargement : sar_642.parquet 
   Chargement : sar_643.parquet 
   Chargement : sar_644.parquet 
   Chargement : sar_645.parquet 
   Chargement : sar_646.parquet 
   Chargement : sar_647.parquet 
   Chargement : sar_648.parquet 
🔄 Assemblage des données...
✅ Fusion terminée : 37857 cellules uniques
🧮 Calcul des métriques SAR/SVR...
✅ Métriques calculées
🗿 Calcul p_l pondéré...
✅ p_l pondéré calculé
🌊 Chargement des provinces Longhurst...
✅ Provinces Longhurst chargées

🔍 Couverture k_fast
   Provinces Longhurst sans k_fast : 0 
   Clés YAML non rencontrées       : 0 
🧮 Calcul f_i final...
✅ f_i calculé
   Cellules avec k_used=1 (fallback) : 12620 / 37857  (33.3%)
   Part de cellules SVR==0        : 0.0 %
   Part de cellules p_l_eff==0    : 16.2 %
   Part de cellules f_i_full==NA  : 0.0 %
💾 Sauvegarde finale...
✅ Résultats sauvegardés en Parquet : fi_grid_20250728_093100.parquet 
✅ Résultats sauvegardés en RDS : fi_grid_20250728_093100.rds 
⏭️  Création du raster GeoTIFF désactivée

🎉 Step 5 terminé avec succès !
📁 Fichiers créés :
   - fi_grid_20250728_093100.parquet 
   - fi_grid_20250728_093100.rds 
✅ Step 5 merge optimisé terminé avec succès
📊 Vérification des fichiers créés :
-rw-r-----. 1 benl benl 2612085 Jul 22 09:44 /home/benl/scratch/output_V6/fi_grid_20250722_134458.parquet
-rw-r-----. 1 benl benl 2612124 Jul 22 09:56 /home/benl/scratch/output_V6/fi_grid_20250722_135616.parquet
-rw-r-----. 1 benl benl 2563649 Jul 27 07:05 /home/benl/scratch/output_V6/fi_grid_20250727_110508.parquet
-rw-r-----. 1 benl benl 2563649 Jul 27 07:18 /home/benl/scratch/output_V6/fi_grid_20250727_111818.parquet
-rw-r-----. 1 benl benl 3088393 Jul 27 08:47 /home/benl/scratch/output_V6/fi_grid_20250727_124738.parquet
-rw-r-----. 1 benl benl 3086629 Jul 27 09:50 /home/benl/scratch/output_V6/fi_grid_20250727_135031.parquet
-rw-r-----. 1 benl benl 3086930 Jul 27 14:55 /home/benl/scratch/output_V6/fi_grid_20250727_185542.parquet
-rw-r-----. 1 benl benl 3086930 Jul 27 14:58 /home/benl/scratch/output_V6/fi_grid_20250727_185846.parquet
-rw-r-----. 1 benl benl 3086930 Jul 28 03:38 /home/benl/scratch/output_V6/fi_grid_20250728_073810.parquet
-rw-r-----. 1 benl benl 3086930 Jul 28 03:50 /home/benl/scratch/output_V6/fi_grid_20250728_075021.parquet
-rw-r-----. 1 benl benl 3099536 Jul 28 05:21 /home/benl/scratch/output_V6/fi_grid_20250728_092151.parquet
-rw-r-----. 1 benl benl 3099536 Jul 28 05:31 /home/benl/scratch/output_V6/fi_grid_20250728_093100.parquet
-rw-r-----. 1 benl benl 1842013 Jul 22 09:44 /home/benl/scratch/output_V6/fi_grid_20250722_134458.rds
-rw-r-----. 1 benl benl 1842018 Jul 22 09:56 /home/benl/scratch/output_V6/fi_grid_20250722_135616.rds
-rw-r-----. 1 benl benl 1805373 Jul 27 07:05 /home/benl/scratch/output_V6/fi_grid_20250727_110508.rds
-rw-r-----. 1 benl benl 1805373 Jul 27 07:18 /home/benl/scratch/output_V6/fi_grid_20250727_111818.rds
-rw-r-----. 1 benl benl 2198848 Jul 27 08:47 /home/benl/scratch/output_V6/fi_grid_20250727_124738.rds
-rw-r-----. 1 benl benl 2197538 Jul 27 09:50 /home/benl/scratch/output_V6/fi_grid_20250727_135031.rds
-rw-r-----. 1 benl benl 2197535 Jul 27 14:55 /home/benl/scratch/output_V6/fi_grid_20250727_185542.rds
-rw-r-----. 1 benl benl 2197535 Jul 27 14:58 /home/benl/scratch/output_V6/fi_grid_20250727_185846.rds
-rw-r-----. 1 benl benl 2197535 Jul 28 03:38 /home/benl/scratch/output_V6/fi_grid_20250728_073810.rds
-rw-r-----. 1 benl benl 2197535 Jul 28 03:50 /home/benl/scratch/output_V6/fi_grid_20250728_075021.rds
-rw-r-----. 1 benl benl 2215085 Jul 28 05:21 /home/benl/scratch/output_V6/fi_grid_20250728_092151.rds
-rw-r-----. 1 benl benl 2215085 Jul 28 05:31 /home/benl/scratch/output_V6/fi_grid_20250728_093100.rds
   ⚠️  GeoTIFF non trouvé
